=== START LOG: 05_virtual_screening.py [2026-09-23 13:16:48] ===

====================================================================================================
VIRTUAL SCREENING PIPELINE — TgDHFR Inhibitor Search
Timestamp: 2026-09-23 13:16:50
====================================================================================================

[1/5] ML ARCHITECTURE LOADING
  [-] Model path: /home/andrey/Projects/__GITHUB__aavzpy2023/analysispaperKarimova2025/results/best_model.joblib
  [+] Ensembled model loaded successfully (0.16s)
  [-] Mask path: /home/andrey/Projects/__GITHUB__aavzpy2023/analysispaperKarimova2025/results/selected_features_mask.npy
  [+] Mask applied: 1212 / 2048 features (59.18% retention)

[2/5] APPLICABILITY DOMAIN CONFIGURATION (ISOLATION FOREST)
  [-] Training source: /home/andrey/Projects/__GITHUB__aavzpy2023/analysispaperKarimova2025/data/V2-df_ic50_chmbl_CID_myFill.csv
  [+] Training matrix generated: (756, 1212)
  [+] Isolation Forest fitted (Contamination: 5.0%) in 0.81s

[3/5] FDA LIBRARY PROCESSING
  [-] Screening source: /home/andrey/Projects/__GITHUB__aavzpy2023/analysispaperKarimova2025/data/PubChem_FDA-approved_NoInorganics.csv
  [+] Raw compounds imported: 3378
  [+] Physical/Structural Filtering (MW < 1000.0, Allowed Atoms): 2516 candidates retained (74.5%)
  [+] In-Domain Filtering (Isolation Forest): 1701 compounds retained (67.6%)
  [+] Total filtering time: 2.59s

[4/5] ML INFERENCE - BIOACTIVITY PREDICTION (pIC50)
  [+] Inferences completed in 1.137s
  [-] Prediction Statistics -> Mean: 5.6646 | Max: 7.5470 | Min: 3.8683

[5/5] PERFORMANCE REPORTS AND EXPORT

--------------------------------------------------------------------------------
REPORT A: Internal Validation vs Known TgDHFR Controls
--------------------------------------------------------------------------------
Drug               |   pIC50 Exp. |  pIC50 Pred. |  Abs Error | Status
--------------------------------------------------------------------------------
Pyrimethamine      |         6.56 |       6.3175 |     0.2425 | EXCELLENT
Trimethoprim       |         5.57 |       6.0106 |     0.4406 | EXCELLENT

----------------------------------------------------------------------------------------------------
REPORT B: Top 10 FDA Candidates (Sorted by Predicted Affinity)
----------------------------------------------------------------------------------------------------
Rank  Compound Name                    pIC50     LE     BEI    LLE    SEI
----------------------------------------------------------------------------------------------------
1     Methotrexate                    7.5470   0.31   16.61   7.28   3.58
2     CID 336805                      7.3500   0.25   13.04   7.90   2.91
3     Trimetrexate Glucuronate        7.3500   0.25   13.04   7.90   2.91
4     Pralatrexate                    7.1884   0.28   15.05   6.21   3.47
5     Folic Acid                      7.1448   0.31   16.19   7.19   3.35
6     Bendamustine Hydrochloride      6.9405   0.40   17.58   3.25  11.89
7     Methylene Blue                  6.9123   0.45   21.61   7.41  36.11
8     Trifarotene                     6.8626   0.28   14.93   0.88   9.80
9     Fentanyl Citrate                6.8592   0.25   12.98   3.97   4.41
10    Chlorambucil                    6.8371   0.49   22.47   3.46  16.87

====================================================================================================
[SUCCESS] 19 candidates safely exported to:
        -> /home/andrey/Projects/__GITHUB__aavzpy2023/analysispaperKarimova2025/results/FDA_Candidates_For_Docking.csv
        Logs saved in: /home/andrey/Projects/__GITHUB__aavzpy2023/analysispaperKarimova2025/logs/05_virtual_screening.log
        Total execution time: 6.61s
====================================================================================================

=== END LOG: 05_virtual_screening.py [EXIT CODE: 0] ===

