==========================================================================================
07_molecular_docking.py — Fully Agnostic Docking Pipeline
Receptor: /home/andrey/Projects/__GITHUB__aavzpy2023/analysispaperKarimova2025/receptor/receptor.pdbqt
Active site center: [3.689, 39.992, -62.818]
Box: 20.0A | Exhaustiveness: 32
Log file: /home/andrey/Projects/__GITHUB__aavzpy2023/analysispaperKarimova2025/logs/07_molecular_docking.log
==========================================================================================

[INFO] 19 candidates selected for docking

Compound                  |     LE | Dock (kcal/mol) | Time (s)
-----------------------------------------------------------------
Methotrexate              | -0.263 |           -8.69 |    32.32s
CID 336805                | -0.313 |           -8.44 |    12.53s
Trimetrexate Glucuronate  | -0.313 |           -8.44 |    12.97s
Pralatrexate              | -0.271 |           -9.48 |    45.68s
Folic Acid                | -0.270 |           -8.65 |    28.22s
Methylene Blue            | -0.363 |           -7.26 |     3.03s
Bendamustine Hydrochlori  | -0.296 |           -6.80 |    11.71s
Chlorambucil              | -0.339 |           -6.44 |     9.20s
Ivabradine                | -0.207 |           -7.05 |    67.16s
Ivabradine Hydrochloride  | -0.207 |           -7.05 |    68.46s
Triamterene               | -0.422 |           -8.01 |     4.49s
Pyrimethamine             | -0.432 |           -7.34 |     4.09s
Sulfamethoxazole; Trimet  | -0.346 |           -7.26 |     7.58s
Finerenone                | -0.283 |           -7.93 |    11.89s
Trimethoprim Hydrochlori  | -0.346 |           -7.26 |     7.56s
Trimethoprim              | -0.346 |           -7.26 |     7.47s
Trimethoprim sulfate      | -0.346 |           -7.26 |     7.45s
Etodolac                  | -0.361 |           -7.58 |     5.16s
Bisacodyl                 | -0.327 |           -8.84 |    11.28s

====================================================================================================
FINAL RESULTS ENRICHED — ML Prediction vs. Physics (AutoDock Vina)
====================================================================================================
Compound                  |  ML pIC50 |     Vina |      LE | Agreement
--------------------------------------------------------------------------------
Pralatrexate              |    7.1174 |    -9.48 |  -0.271 | VALIDATED (+)
Bisacodyl                 |    5.3266 |    -8.84 |  -0.327 | ML FALSE NEGATIVE
Methotrexate              |    7.5486 |    -8.69 |  -0.263 | VALIDATED (+)
Folic Acid                |    7.0877 |    -8.65 |  -0.270 | VALIDATED (+)
CID 336805                |    7.3406 |    -8.44 |  -0.313 | VALIDATED (+)
Trimetrexate Glucuronate  |    7.3406 |    -8.44 |  -0.313 | VALIDATED (+)
Triamterene               |    6.6185 |    -8.01 |  -0.422 | VALIDATED (+)
Finerenone                |    5.8299 |    -7.93 |  -0.283 | Neutral
Etodolac                  |    5.5323 |    -7.58 |  -0.361 | Neutral
Pyrimethamine             |    6.3076 |    -7.34 |  -0.432 | Neutral
Methylene Blue            |    6.9563 |    -7.26 |  -0.363 | ML FALSE POSITIVE
Sulfamethoxazole; Trimet  |    6.0546 |    -7.26 |  -0.346 | Neutral
Trimethoprim Hydrochlori  |    5.6594 |    -7.26 |  -0.346 | VALIDATED (-)
Trimethoprim              |    5.6539 |    -7.26 |  -0.346 | VALIDATED (-)
Trimethoprim sulfate      |    5.6108 |    -7.26 |  -0.346 | VALIDATED (-)
Ivabradine                |    6.7996 |    -7.05 |  -0.207 | ML FALSE POSITIVE
Ivabradine Hydrochloride  |    6.7990 |    -7.05 |  -0.207 | ML FALSE POSITIVE
Bendamustine Hydrochlori  |    6.8954 |    -6.80 |  -0.296 | ML FALSE POSITIVE
Chlorambucil              |    6.8297 |    -6.44 |  -0.339 | ML FALSE POSITIVE

[EXPORT] Enriched dataset saved to /home/andrey/Projects/__GITHUB__aavzpy2023/analysispaperKarimova2025/results/Final_Validation_Hybrid.csv

[LATEX] Attempting to write file to: /home/andrey/Projects/__GITHUB__aavzpy2023/analysispaperKarimova2025/latex/docking_variables.tex
[LATEX] SUCCESS! Variables exported to /home/andrey/Projects/__GITHUB__aavzpy2023/analysispaperKarimova2025/latex/docking_variables.tex
[DONE] 07_molecular_docking.py complete.
------+----------
   1       -6.804          0          0
   2       -6.773     0.6654      2.375
   3       -6.735      2.398      4.371
WARNING: At low exhaustiveness, it may be impossible to utilize all CPUs.
Performing docking (random seed: 553046938) ... 
0%   10   20   30   40   50   60   70   80   90   100%
|----|----|----|----|----|----|----|----|----|----|
***************************************************

mode |   affinity | dist from best mode
     | (kcal/mol) | rmsd l.b.| rmsd u.b.
-----+------------+----------+----------
   1       -6.442          0          0
   2       -6.191      6.621      8.405
   3       -6.042      6.526      8.483
WARNING: At low exhaustiveness, it may be impossible to utilize all CPUs.
Performing docking (random seed: 553046938) ... 
0%   10   20   30   40   50   60   70   80   90   100%
|----|----|----|----|----|----|----|----|----|----|
***************************************************

mode |   affinity | dist from best mode
     | (kcal/mol) | rmsd l.b.| rmsd u.b.
-----+------------+----------+----------
   1       -7.052          0          0
   2       -6.909      2.527      5.041
   3       -6.522      2.762      5.877
WARNING: At low exhaustiveness, it may be impossible to utilize all CPUs.
Performing docking (random seed: 553046938) ... 
0%   10   20   30   40   50   60   70   80   90   100%
|----|----|----|----|----|----|----|----|----|----|
***************************************************

mode |   affinity | dist from best mode
     | (kcal/mol) | rmsd l.b.| rmsd u.b.
-----+------------+----------+----------
   1       -7.052          0          0
   2       -6.909      2.527      5.041
   3       -6.522      2.762      5.877
WARNING: At low exhaustiveness, it may be impossible to utilize all CPUs.
Performing docking (random seed: 553046938) ... 
0%   10   20   30   40   50   60   70   80   90   100%
|----|----|----|----|----|----|----|----|----|----|
***************************************************

mode |   affinity | dist from best mode
     | (kcal/mol) | rmsd l.b.| rmsd u.b.
-----+------------+----------+----------
   1       -8.013          0          0
   2       -7.868      1.517      3.021
   3       -7.584      2.101      2.394
WARNING: At low exhaustiveness, it may be impossible to utilize all CPUs.
Performing docking (random seed: 553046938) ... 
0%   10   20   30   40   50   60   70   80   90   100%
|----|----|----|----|----|----|----|----|----|----|
***************************************************

mode |   affinity | dist from best mode
     | (kcal/mol) | rmsd l.b.| rmsd u.b.
-----+------------+----------+----------
   1       -7.337          0          0
   2       -7.066      1.862      2.293
   3       -6.959      4.001      6.284
WARNING: At low exhaustiveness, it may be impossible to utilize all CPUs.
Performing docking (random seed: 553046938) ... 
0%   10   20   30   40   50   60   70   80   90   100%
|----|----|----|----|----|----|----|----|----|----|
***************************************************

mode |   affinity | dist from best mode
     | (kcal/mol) | rmsd l.b.| rmsd u.b.
-----+------------+----------+----------
   1       -7.265          0          0
   2       -7.244     0.2279      2.805
   3       -6.898      3.848      5.232
WARNING: At low exhaustiveness, it may be impossible to utilize all CPUs.
Performing docking (random seed: 553046938) ... 
0%   10   20   30   40   50   60   70   80   90   100%
|----|----|----|----|----|----|----|----|----|----|
***************************************************

mode |   affinity | dist from best mode
     | (kcal/mol) | rmsd l.b.| rmsd u.b.
-----+------------+----------+----------
   1       -7.933          0          0
   2       -7.579      2.131      5.259
   3       -7.362      3.022      6.843
WARNING: At low exhaustiveness, it may be impossible to utilize all CPUs.
Performing docking (random seed: 553046938) ... 
0%   10   20   30   40   50   60   70   80   90   100%
|----|----|----|----|----|----|----|----|----|----|
***************************************************

mode |   affinity | dist from best mode
     | (kcal/mol) | rmsd l.b.| rmsd u.b.
-----+------------+----------+----------
   1       -7.265          0          0
   2       -7.244     0.2279      2.805
   3       -6.898      3.848      5.232
WARNING: At low exhaustiveness, it may be impossible to utilize all CPUs.
Performing docking (random seed: 553046938) ... 
0%   10   20   30   40   50   60   70   80   90   100%
|----|----|----|----|----|----|----|----|----|----|
***************************************************

mode |   affinity | dist from best mode
     | (kcal/mol) | rmsd l.b.| rmsd u.b.
-----+------------+----------+----------
   1       -7.265          0          0
   2       -7.244     0.2279      2.805
   3       -6.898      3.848      5.232
WARNING: At low exhaustiveness, it may be impossible to utilize all CPUs.
Performing docking (random seed: 553046938) ... 
0%   10   20   30   40   50   60   70   80   90   100%
|----|----|----|----|----|----|----|----|----|----|
***************************************************

mode |   affinity | dist from best mode
     | (kcal/mol) | rmsd l.b.| rmsd u.b.
-----+------------+----------+----------
   1       -7.265          0          0
   2       -7.244     0.2279      2.805
   3       -6.898      3.848      5.232
WARNING: At low exhaustiveness, it may be impossible to utilize all CPUs.
Performing docking (random seed: 553046938) ... 
0%   10   20   30   40   50   60   70   80   90   100%
|----|----|----|----|----|----|----|----|----|----|
***************************************************

mode |   affinity | dist from best mode
     | (kcal/mol) | rmsd l.b.| rmsd u.b.
-----+------------+----------+----------
   1       -7.585          0          0
   2       -7.555      2.805      5.002
   3       -7.268      2.689      4.226
WARNING: At low exhaustiveness, it may be impossible to utilize all CPUs.
Performing docking (random seed: 553046938) ... 
0%   10   20   30   40   50   60   70   80   90   100%
|----|----|----|----|----|----|----|----|----|----|
***************************************************
==========================================================================================
07_molecular_docking.py — Fully Agnostic Docking Pipeline
Receptor: /home/andrey/Projects/__GITHUB__aavzpy2023/analysispaperKarimova2025/receptor/receptor.pdbqt
Active site center: [3.689, 39.992, -62.818]
Box: 20.0A | Exhaustiveness: 32
Log file: /home/andrey/Projects/__GITHUB__aavzpy2023/analysispaperKarimova2025/logs/07_molecular_docking.log
==========================================================================================

[INFO] 19 candidates selected for docking

Compound                  |     LE | Dock (kcal/mol) | Time (s)
-----------------------------------------------------------------
Methotrexate              | -0.263 |           -8.69 |    32.32s
CID 336805                | -0.313 |           -8.44 |    12.53s
Trimetrexate Glucuronate  | -0.313 |           -8.44 |    12.97s
Pralatrexate              | -0.271 |           -9.48 |    45.68s
Folic Acid                | -0.270 |           -8.65 |    28.22s
Methylene Blue            | -0.363 |           -7.26 |     3.03s
Bendamustine Hydrochlori  | -0.296 |           -6.80 |    11.71s
Chlorambucil              | -0.339 |           -6.44 |     9.20s
Ivabradine                | -0.207 |           -7.05 |    67.16s
Ivabradine Hydrochloride  | -0.207 |           -7.05 |    68.46s
Triamterene               | -0.422 |           -8.01 |     4.49s
Pyrimethamine             | -0.432 |           -7.34 |     4.09s
Sulfamethoxazole; Trimet  | -0.346 |           -7.26 |     7.58s
Finerenone                | -0.283 |           -7.93 |    11.89s
Trimethoprim Hydrochlori  | -0.346 |           -7.26 |     7.56s
Trimethoprim              | -0.346 |           -7.26 |     7.47s
Trimethoprim sulfate      | -0.346 |           -7.26 |     7.45s
Etodolac                  | -0.361 |           -7.58 |     5.16s
Bisacodyl                 | -0.327 |           -8.84 |    11.28s

====================================================================================================
FINAL RESULTS ENRICHED — ML Prediction vs. Physics (AutoDock Vina)
====================================================================================================
Compound                  |  ML pIC50 |     Vina |      LE | Agreement
--------------------------------------------------------------------------------
Pralatrexate              |    7.1174 |    -9.48 |  -0.271 | VALIDATED (+)
Bisacodyl                 |    5.3266 |    -8.84 |  -0.327 | ML FALSE NEGATIVE
Methotrexate              |    7.5486 |    -8.69 |  -0.263 | VALIDATED (+)
Folic Acid                |    7.0877 |    -8.65 |  -0.270 | VALIDATED (+)
CID 336805                |    7.3406 |    -8.44 |  -0.313 | VALIDATED (+)
Trimetrexate Glucuronate  |    7.3406 |    -8.44 |  -0.313 | VALIDATED (+)
Triamterene               |    6.6185 |    -8.01 |  -0.422 | VALIDATED (+)
Finerenone                |    5.8299 |    -7.93 |  -0.283 | Neutral
Etodolac                  |    5.5323 |    -7.58 |  -0.361 | Neutral
Pyrimethamine             |    6.3076 |    -7.34 |  -0.432 | Neutral
Methylene Blue            |    6.9563 |    -7.26 |  -0.363 | ML FALSE POSITIVE
Sulfamethoxazole; Trimet  |    6.0546 |    -7.26 |  -0.346 | Neutral
Trimethoprim Hydrochlori  |    5.6594 |    -7.26 |  -0.346 | VALIDATED (-)
Trimethoprim              |    5.6539 |    -7.26 |  -0.346 | VALIDATED (-)
Trimethoprim sulfate      |    5.6108 |    -7.26 |  -0.346 | VALIDATED (-)
Ivabradine                |    6.7996 |    -7.05 |  -0.207 | ML FALSE POSITIVE
Ivabradine Hydrochloride  |    6.7990 |    -7.05 |  -0.207 | ML FALSE POSITIVE
Bendamustine Hydrochlori  |    6.8954 |    -6.80 |  -0.296 | ML FALSE POSITIVE
Chlorambucil              |    6.8297 |    -6.44 |  -0.339 | ML FALSE POSITIVE

[EXPORT] Enriched dataset saved to /home/andrey/Projects/__GITHUB__aavzpy2023/analysispaperKarimova2025/results/Final_Validation_Hybrid.csv

[LATEX] Attempting to write file to: /home/andrey/Projects/__GITHUB__aavzpy2023/analysispaperKarimova2025/latex/docking_variables.tex
[LATEX] SUCCESS! Variables exported to /home/andrey/Projects/__GITHUB__aavzpy2023/analysispaperKarimova2025/latex/docking_variables.tex
[DONE] 07_molecular_docking.py complete.

mode |   affinity | dist from best mode
     | (kcal/mol) | rmsd l.b.| rmsd u.b.
-----+------------+----------+----------
   1       -8.841          0          0
   2       -8.109      1.077      7.092
   3       -8.055       2.93      7.523

=== END LOG: 07_molecular_docking.py [EXIT CODE: 0] ===

