Python 3.11.16 | Linux 7.0.0-30-generic | 48 CPU threads | profile=workstation
  numpy==1.26.4
  pandas==2.3.3
  scipy==1.16.3
  scikit-learn==1.6.0
  xgboost==3.1.2
  lightgbm==4.6.0
  rdkit==2025.9.3
  meeko==0.8.0
  vina==1.2.7
  torch==2.5.1
  lightning==2.6.5
  chemprop==2.2.4
  PyTDC==0.4.1
  seaborn==0.13.2
  adjustText==1.4.0
  matplotlib==3.10.8
  joblib==1.5.2
  setuptools==69.5.1

[INFO] Active profile: workstation | N_JOBS=46 | Outer folds=5x5=25

####################################################################################################
# NESTED CV (5x5=25 Folds) — REPRESENTATION: morgan
####################################################################################################
[morgan] Fold 1/25 -> Best: LGBM+XGB+SVM    | R2_outer: 0.8016 | MAE: 0.4803 (541.3s)
[morgan] Fold 2/25 -> Best: XGB+SVM         | R2_outer: 0.6810 | MAE: 0.4978 (505.0s)
[morgan] Fold 3/25 -> Best: RF+SVM          | R2_outer: 0.6658 | MAE: 0.5683 (534.5s)
[morgan] Fold 4/25 -> Best: RF+XGB+SVM      | R2_outer: 0.8006 | MAE: 0.4401 (520.3s)
[morgan] Fold 5/25 -> Best: LGBM+SVM        | R2_outer: 0.7196 | MAE: 0.4463 (507.3s)
[morgan] Fold 6/25 -> Best: XGB+SVM+kNN     | R2_outer: 0.7820 | MAE: 0.4657 (501.6s)
[morgan] Fold 7/25 -> Best: RF+LGBM+SVM     | R2_outer: 0.7831 | MAE: 0.4772 (529.7s)
[morgan] Fold 8/25 -> Best: SVM             | R2_outer: 0.7384 | MAE: 0.5075 (531.0s)
[morgan] Fold 9/25 -> Best: XGB+SVM+kNN     | R2_outer: 0.7675 | MAE: 0.4528 (552.0s)
[morgan] Fold 10/25 -> Best: SVM             | R2_outer: 0.6289 | MAE: 0.5355 (501.7s)
[morgan] Fold 11/25 -> Best: RF+SVM+kNN      | R2_outer: 0.7397 | MAE: 0.5221 (547.3s)
[morgan] Fold 12/25 -> Best: RF+XGB+SVM      | R2_outer: 0.7906 | MAE: 0.4390 (562.2s)
[morgan] Fold 13/25 -> Best: RF+ET+SVM       | R2_outer: 0.7450 | MAE: 0.4508 (599.2s)
[morgan] Fold 14/25 -> Best: LGBM+XGB+SVM    | R2_outer: 0.7730 | MAE: 0.4314 (545.6s)
[morgan] Fold 15/25 -> Best: RF+SVM+kNN      | R2_outer: 0.6935 | MAE: 0.5308 (549.8s)
[morgan] Fold 16/25 -> Best: ET+XGB+SVM      | R2_outer: 0.7833 | MAE: 0.4517 (570.5s)
[morgan] Fold 17/25 -> Best: XGB+SVM         | R2_outer: 0.7817 | MAE: 0.4721 (505.5s)
[morgan] Fold 18/25 -> Best: ET+LGBM+SVM     | R2_outer: 0.7443 | MAE: 0.4640 (544.5s)
[morgan] Fold 19/25 -> Best: LGBM+XGB+SVM    | R2_outer: 0.7485 | MAE: 0.4937 (510.5s)
[morgan] Fold 20/25 -> Best: RF+XGB+SVM      | R2_outer: 0.6916 | MAE: 0.5144 (561.2s)
[morgan] Fold 21/25 -> Best: RF+SVM          | R2_outer: 0.6618 | MAE: 0.5461 (522.8s)
[morgan] Fold 22/25 -> Best: XGB+SVM+kNN     | R2_outer: 0.7796 | MAE: 0.4436 (525.5s)
[morgan] Fold 23/25 -> Best: ET+LGBM+SVM     | R2_outer: 0.6890 | MAE: 0.4987 (586.2s)
[morgan] Fold 24/25 -> Best: SVM             | R2_outer: 0.7745 | MAE: 0.4961 (520.4s)
[morgan] Fold 25/25 -> Best: RF+SVM          | R2_outer: 0.7770 | MAE: 0.4762 (564.5s)

####################################################################################################
# NESTED CV (5x5=25 Folds) — REPRESENTATION: rdkit2d
####################################################################################################
[rdkit2d] Fold 1/25 -> Best: RF+ET+SVM       | R2_outer: 0.7276 | MAE: 0.5273 (391.5s)
[rdkit2d] Fold 2/25 -> Best: RF+ET+SVM       | R2_outer: 0.6328 | MAE: 0.5170 (383.2s)
[rdkit2d] Fold 3/25 -> Best: ET+LGBM+SVM     | R2_outer: 0.7051 | MAE: 0.5229 (354.4s)
[rdkit2d] Fold 4/25 -> Best: ET+LGBM+SVM     | R2_outer: 0.7499 | MAE: 0.5016 (353.5s)
[rdkit2d] Fold 5/25 -> Best: RF+ET+SVM       | R2_outer: 0.6225 | MAE: 0.5169 (382.0s)
[rdkit2d] Fold 6/25 -> Best: RF+ET           | R2_outer: 0.7421 | MAE: 0.5092 (399.0s)
[rdkit2d] Fold 7/25 -> Best: RF+ET+SVM       | R2_outer: 0.6982 | MAE: 0.5308 (393.1s)
[rdkit2d] Fold 8/25 -> Best: RF+ET+SVM       | R2_outer: 0.6735 | MAE: 0.5449 (363.6s)
[rdkit2d] Fold 9/25 -> Best: RF+ET           | R2_outer: 0.7526 | MAE: 0.4481 (404.9s)
[rdkit2d] Fold 10/25 -> Best: RF+LGBM+XGB     | R2_outer: 0.5020 | MAE: 0.6096 (357.0s)
[rdkit2d] Fold 11/25 -> Best: ET+LGBM+SVM     | R2_outer: 0.6879 | MAE: 0.5503 (375.5s)
[rdkit2d] Fold 12/25 -> Best: RF+LGBM+SVM     | R2_outer: 0.7515 | MAE: 0.4960 (364.7s)
[rdkit2d] Fold 13/25 -> Best: RF+ET+SVM       | R2_outer: 0.6469 | MAE: 0.5155 (376.7s)
[rdkit2d] Fold 14/25 -> Best: ET+LGBM+SVM     | R2_outer: 0.6933 | MAE: 0.4924 (374.1s)
[rdkit2d] Fold 15/25 -> Best: RF+LGBM+SVM     | R2_outer: 0.6282 | MAE: 0.6073 (372.8s)
[rdkit2d] Fold 16/25 -> Best: RF+ET+SVM       | R2_outer: 0.7623 | MAE: 0.4645 (377.1s)
[rdkit2d] Fold 17/25 -> Best: ET+LGBM+XGB     | R2_outer: 0.6896 | MAE: 0.5253 (348.5s)
[rdkit2d] Fold 18/25 -> Best: RF+ET+SVM       | R2_outer: 0.6692 | MAE: 0.5097 (394.8s)
[rdkit2d] Fold 19/25 -> Best: ET+LGBM+kNN     | R2_outer: 0.6731 | MAE: 0.5729 (347.8s)
[rdkit2d] Fold 20/25 -> Best: RF+ET+SVM       | R2_outer: 0.6660 | MAE: 0.5409 (383.5s)
[rdkit2d] Fold 21/25 -> Best: ET              | R2_outer: 0.5515 | MAE: 0.6288 (318.0s)
[rdkit2d] Fold 22/25 -> Best: ET+LGBM+SVM     | R2_outer: 0.7311 | MAE: 0.4736 (363.5s)
[rdkit2d] Fold 23/25 -> Best: ET+LGBM+SVM     | R2_outer: 0.5989 | MAE: 0.5767 (349.2s)
[rdkit2d] Fold 24/25 -> Best: ET+LGBM+SVM     | R2_outer: 0.6677 | MAE: 0.5774 (361.2s)
[rdkit2d] Fold 25/25 -> Best: RF+ET+LGBM      | R2_outer: 0.7657 | MAE: 0.4894 (377.8s)

####################################################################################################
# NESTED CV (5x5=25 Folds) — REPRESENTATION: rdkit2d_fp
####################################################################################################
[rdkit2d_fp] Fold 1/25 -> Best: RF+ET+SVM       | R2_outer: 0.7833 | MAE: 0.4853 (778.9s)
[rdkit2d_fp] Fold 2/25 -> Best: ET+SVM+kNN      | R2_outer: 0.6695 | MAE: 0.5027 (755.5s)
[rdkit2d_fp] Fold 3/25 -> Best: ET+LGBM+kNN     | R2_outer: 0.7257 | MAE: 0.5319 (766.7s)
[rdkit2d_fp] Fold 4/25 -> Best: ET+LGBM+SVM     | R2_outer: 0.7928 | MAE: 0.4501 (777.9s)
[rdkit2d_fp] Fold 5/25 -> Best: RF+XGB+SVM      | R2_outer: 0.6800 | MAE: 0.4646 (755.6s)
[rdkit2d_fp] Fold 6/25 -> Best: ET+LGBM+SVM     | R2_outer: 0.7840 | MAE: 0.4702 (762.4s)
[rdkit2d_fp] Fold 7/25 -> Best: RF+ET+kNN       | R2_outer: 0.7732 | MAE: 0.4804 (802.0s)
[rdkit2d_fp] Fold 8/25 -> Best: ET+SVM          | R2_outer: 0.7616 | MAE: 0.4828 (727.9s)
[rdkit2d_fp] Fold 9/25 -> Best: ET+LGBM         | R2_outer: 0.7731 | MAE: 0.4165 (746.3s)
[rdkit2d_fp] Fold 10/25 -> Best: ET+LGBM         | R2_outer: 0.5555 | MAE: 0.5605 (769.2s)
[rdkit2d_fp] Fold 11/25 -> Best: ET+LGBM+kNN     | R2_outer: 0.7430 | MAE: 0.5189 (758.6s)
[rdkit2d_fp] Fold 12/25 -> Best: ET+SVM+kNN      | R2_outer: 0.7737 | MAE: 0.4655 (734.2s)
[rdkit2d_fp] Fold 13/25 -> Best: ET+SVM          | R2_outer: 0.7446 | MAE: 0.4363 (762.0s)
[rdkit2d_fp] Fold 14/25 -> Best: ET+LGBM+SVM     | R2_outer: 0.7490 | MAE: 0.4572 (817.6s)
[rdkit2d_fp] Fold 15/25 -> Best: ET+LGBM+XGB     | R2_outer: 0.6707 | MAE: 0.5610 (755.9s)
[rdkit2d_fp] Fold 16/25 -> Best: ET              | R2_outer: 0.7978 | MAE: 0.4253 (693.5s)
[rdkit2d_fp] Fold 17/25 -> Best: ET+LGBM+SVM     | R2_outer: 0.7898 | MAE: 0.4525 (756.2s)
[rdkit2d_fp] Fold 18/25 -> Best: ET+XGB+kNN      | R2_outer: 0.7295 | MAE: 0.4704 (791.7s)
[rdkit2d_fp] Fold 19/25 -> Best: ET+LGBM+kNN     | R2_outer: 0.7332 | MAE: 0.5096 (765.9s)
[rdkit2d_fp] Fold 20/25 -> Best: RF+ET+SVM       | R2_outer: 0.6761 | MAE: 0.5294 (792.6s)
[rdkit2d_fp] Fold 21/25 -> Best: ET+LGBM+SVM     | R2_outer: 0.6311 | MAE: 0.5881 (790.7s)
[rdkit2d_fp] Fold 22/25 -> Best: ET+XGB+SVM      | R2_outer: 0.7394 | MAE: 0.4935 (756.7s)
[rdkit2d_fp] Fold 23/25 -> Best: ET+LGBM+kNN     | R2_outer: 0.6469 | MAE: 0.5371 (741.0s)
[rdkit2d_fp] Fold 24/25 -> Best: ET+SVM+kNN      | R2_outer: 0.7563 | MAE: 0.5146 (747.9s)
[rdkit2d_fp] Fold 25/25 -> Best: RF+ET+SVM       | R2_outer: 0.7865 | MAE: 0.4486 (809.3s)

####################################################################################################
# NESTED CV (5x5=25 Folds) — REPRESENTATION: rdkit2d3d_fp
####################################################################################################
    [INFO] Generating 3D conformers (ETKDGv3 + MMFF)...
[rdkit2d3d_fp] Fold 1/25 -> Best: ET+LGBM+SVM     | R2_outer: 0.7865 | MAE: 0.4847 (737.5s)
[rdkit2d3d_fp] Fold 2/25 -> Best: ET+LGBM+SVM     | R2_outer: 0.7043 | MAE: 0.4816 (790.4s)
[rdkit2d3d_fp] Fold 3/25 -> Best: ET+LGBM+kNN     | R2_outer: 0.7390 | MAE: 0.5155 (774.7s)
[rdkit2d3d_fp] Fold 4/25 -> Best: ET+LGBM         | R2_outer: 0.8022 | MAE: 0.4325 (776.6s)
[rdkit2d3d_fp] Fold 5/25 -> Best: ET+LGBM+SVM     | R2_outer: 0.7018 | MAE: 0.4514 (755.2s)
[rdkit2d3d_fp] Fold 6/25 -> Best: ET+LGBM+SVM     | R2_outer: 0.7847 | MAE: 0.4716 (801.9s)
[rdkit2d3d_fp] Fold 7/25 -> Best: ET+LGBM+kNN     | R2_outer: 0.7880 | MAE: 0.4585 (755.1s)
[rdkit2d3d_fp] Fold 8/25 -> Best: ET+SVM          | R2_outer: 0.7595 | MAE: 0.4869 (757.3s)
[rdkit2d3d_fp] Fold 9/25 -> Best: ET+LGBM         | R2_outer: 0.7807 | MAE: 0.4067 (812.7s)
[rdkit2d3d_fp] Fold 10/25 -> Best: ET+LGBM         | R2_outer: 0.5487 | MAE: 0.5685 (769.0s)
[rdkit2d3d_fp] Fold 11/25 -> Best: ET+LGBM+kNN     | R2_outer: 0.7411 | MAE: 0.5202 (800.6s)
[rdkit2d3d_fp] Fold 12/25 -> Best: ET+LGBM+SVM     | R2_outer: 0.7915 | MAE: 0.4499 (813.2s)
[rdkit2d3d_fp] Fold 13/25 -> Best: ET+SVM+kNN      | R2_outer: 0.7295 | MAE: 0.4454 (760.9s)
[rdkit2d3d_fp] Fold 14/25 -> Best: ET+LGBM+SVM     | R2_outer: 0.7619 | MAE: 0.4486 (800.3s)
[rdkit2d3d_fp] Fold 15/25 -> Best: ET+LGBM         | R2_outer: 0.6619 | MAE: 0.5620 (781.7s)
[rdkit2d3d_fp] Fold 16/25 -> Best: ET              | R2_outer: 0.8025 | MAE: 0.4164 (751.4s)
[rdkit2d3d_fp] Fold 17/25 -> Best: ET+LGBM+SVM     | R2_outer: 0.7916 | MAE: 0.4540 (779.0s)
[rdkit2d3d_fp] Fold 18/25 -> Best: ET+LGBM+kNN     | R2_outer: 0.7300 | MAE: 0.4808 (784.6s)
[rdkit2d3d_fp] Fold 19/25 -> Best: ET+LGBM+kNN     | R2_outer: 0.7432 | MAE: 0.5008 (797.7s)
[rdkit2d3d_fp] Fold 20/25 -> Best: ET+LGBM+SVM     | R2_outer: 0.6854 | MAE: 0.5171 (740.1s)
[rdkit2d3d_fp] Fold 21/25 -> Best: ET+LGBM+SVM     | R2_outer: 0.6449 | MAE: 0.5756 (754.4s)
[rdkit2d3d_fp] Fold 22/25 -> Best: ET+LGBM+SVM     | R2_outer: 0.7445 | MAE: 0.4842 (766.9s)
[rdkit2d3d_fp] Fold 23/25 -> Best: ET+LGBM+SVM     | R2_outer: 0.6573 | MAE: 0.5172 (772.8s)
[rdkit2d3d_fp] Fold 24/25 -> Best: ET+LGBM+SVM     | R2_outer: 0.7532 | MAE: 0.4999 (776.9s)
[rdkit2d3d_fp] Fold 25/25 -> Best: RF+ET+kNN       | R2_outer: 0.7927 | MAE: 0.4392 (858.0s)

====================================================================================================
RESULTS SUMMARY (Nested CV 5x5)
====================================================================================================

Table 1. R² by molecular representation:
        Mode     mean      std  count
      morgan 0.741654 0.049266     25
rdkit2d3d_fp 0.737067 0.061008     25
  rdkit2d_fp 0.730647 0.060876     25
     rdkit2d 0.679572 0.065837     25

Table 2. t-tests (Nadeau-Bengio Corrected) vs Original Publication:
        Mode Paper_reference_label  Paper_R2  Our_R2_mean  Our_R2_std    t_stat  p_value  Significant_p<0.05
      morgan         PaperBaseline      0.75     0.741654    0.048271 -0.314564 0.755811               False
      morgan         PaperSelected      0.82     0.741654    0.048271 -2.953028 0.006937                True
      morgan            PaperFinal      0.85     0.741654    0.048271 -4.083798 0.000426                True
     rdkit2d         PaperBaseline      0.75     0.679572    0.064507 -1.986426 0.058519               False
     rdkit2d         PaperSelected      0.82     0.679572    0.064507 -3.960789 0.000582                True
     rdkit2d            PaperFinal      0.85     0.679572    0.064507 -4.806945 0.000068                True
  rdkit2d_fp         PaperBaseline      0.75     0.730647    0.059646 -0.590337 0.560483               False
  rdkit2d_fp         PaperSelected      0.82     0.730647    0.059646 -2.725601 0.011793                True
  rdkit2d_fp            PaperFinal      0.85     0.730647    0.059646 -3.640714 0.001299                True
rdkit2d3d_fp         PaperBaseline      0.75     0.737067    0.059776 -0.393654 0.697312               False
rdkit2d3d_fp         PaperSelected      0.82     0.737067    0.059776 -2.524294 0.018618                True
rdkit2d3d_fp            PaperFinal      0.85     0.737067    0.059776 -3.437425 0.002150                True

Paired comparison (Nadeau-Bengio) between morgan and rdkit2d3d_fp:
  t = 0.308, p = 0.7605

[SUPPLEMENTARY CSV] Selection frequency exported to: /home/andrey/Projects/__GITHUB__aavzpy2023/analysispaperKarimova2025/results/architecture_selection_frequency.csv
[LATEX] Variables successfully exported to: /home/andrey/Projects/__GITHUB__aavzpy2023/analysispaperKarimova2025/latex/paper_variables.tex

=== END LOG: 01_nested_cv_stacking.py [EXIT CODE: 0] ===

All figures generated in: /home/andrey/Projects/__GITHUB__aavzpy2023/analysispaperKarimova2025/figures

=== END LOG: 01.1_build_figures.py [EXIT CODE: 0] ===

2026-09-22 00:32:55,009 | INFO | ================================================================================
2026-09-22 00:32:55,009 | INFO | 02_statistical_tests.py — Nadeau-Bengio Variance Correction Test
2026-09-22 00:32:55,009 | INFO | ================================================================================
2026-09-22 00:32:55,009 | INFO | Loading nested CV results from: /home/andrey/Projects/__GITHUB__aavzpy2023/analysispaperKarimova2025/results/nested_cv_checkpoint.csv
2026-09-22 00:32:55,012 | INFO | Total records loaded: 100. Available modes: ['morgan', 'rdkit2d', 'rdkit2d_fp', 'rdkit2d3d_fp']
2026-09-22 00:32:55,012 | INFO | Extracting performance metrics for 'morgan' and 'rdkit2d3d_fp' modes...
2026-09-22 00:32:55,014 | INFO | Data points extracted: 25 outer folds per mode.
2026-09-22 00:32:55,014 | INFO | Morgan MAE Distribution     -> Mean: 0.4841 | Std: 0.0365 | Min: 0.4314 | Max: 0.5683
2026-09-22 00:32:55,014 | INFO | 2D/3D/FP MAE Distribution -> Mean: 0.4828 | Std: 0.0440 | Min: 0.4067 | Max: 0.5756
2026-09-22 00:32:55,015 | INFO | Initializing Nadeau-Bengio variance correction calculations...
2026-09-22 00:32:55,015 | INFO | --------------------------------------------------------------------------------
2026-09-22 00:32:55,015 | INFO | Nadeau-Bengio Corrected Paired t-test Results:
2026-09-22 00:32:55,015 | INFO |   t-statistic = 0.098
2026-09-22 00:32:55,015 | INFO |   p-value     = 0.9230
2026-09-22 00:32:55,015 | INFO | --------------------------------------------------------------------------------
2026-09-22 00:32:55,015 | INFO | TEST CONCLUSION: No statistically significant difference between Morgan and 2D/3D/FP representations (p >= 0.05).
2026-09-22 00:32:55,015 | INFO | Writing statistical variables to LaTeX file: /home/andrey/Projects/__GITHUB__aavzpy2023/analysispaperKarimova2025/latex/nadeau_bengio_variables.tex
2026-09-22 00:32:55,016 | INFO | LaTeX variable export completed successfully.

=== END LOG: 02_statistical_tests.py [EXIT CODE: 0] ===

2026-09-22 00:32:56,523 | INFO | ================================================================================
2026-09-22 00:32:56,523 | INFO | 03_y_randomization.py — Model Robustness Test (Y-Randomization)
2026-09-22 00:32:56,523 | INFO | ================================================================================
2026-09-22 00:32:56,529 | INFO | Audit Result -> Best representation: 'morgan'
2026-09-22 00:32:56,529 | INFO | Audit Result -> Most stable architecture: 'LGBM+XGB+SVM'
2026-09-22 00:32:56,529 | INFO | Loading training data from: /home/andrey/Projects/__GITHUB__aavzpy2023/analysispaperKarimova2025/data/V2-df_ic50_chmbl_CID_myFill.csv
2026-09-22 00:32:56,533 | INFO | Successfully loaded 756 valid SMILES and target values.
2026-09-22 00:32:56,534 | INFO | Generating feature matrix X for representation mode 'morgan'...
2026-09-22 00:32:56,745 | INFO | Feature matrix dimensions: (756, 2048)
2026-09-22 00:32:56,746 | INFO | Evaluating baseline unpermuted R2 score using 5-fold CV...
2026-09-22 00:33:15,457 | INFO | Baseline Unpermuted R2: 0.7374
2026-09-22 00:33:15,457 | INFO | Starting 100 target permutations using 46 worker threads...
2026-09-22 00:42:51,882 | INFO | Y-randomization distribution saved to /home/andrey/Projects/__GITHUB__aavzpy2023/analysispaperKarimova2025/results/y_randomization_scores.csv
2026-09-22 00:42:51,883 | INFO | --------------------------------------------------------------------------------
2026-09-22 00:42:51,884 | INFO | Y-RANDOMIZATION INTEGRITY REPORT
2026-09-22 00:42:51,884 | INFO | --------------------------------------------------------------------------------
2026-09-22 00:42:51,884 | INFO |   Baseline R2 (True Target) : 0.7374
2026-09-22 00:42:51,884 | INFO |   Random R2 (Mean)          : -0.0147
2026-09-22 00:42:51,884 | INFO |   Random R2 (Std)           : 0.0094
2026-09-22 00:42:51,884 | INFO |   Z-Score                   : 79.97
2026-09-22 00:42:51,884 | INFO | ACADEMIC VERDICT: PASSED. Model performance on true target is significantly superior to random chance (no memory leakage/overfitting).
2026-09-22 00:42:51,884 | INFO | Exporting Y-Randomization LaTeX variables to: /home/andrey/Projects/__GITHUB__aavzpy2023/analysispaperKarimova2025/latex/yrandom_variables.tex
2026-09-22 00:42:51,885 | INFO | LaTeX variable export completed successfully.
2026-09-22 00:42:51,885 | INFO | Total execution time: 576.4 seconds

=== END LOG: 03_y_randomization.py [EXIT CODE: 0] ===

2026-09-22 00:42:54,934 | INFO | ================================================================================
2026-09-22 00:42:54,934 | INFO | 04_augmentation_training.py — Feature Selection & Gaussian Augmentation Benchmark
2026-09-22 00:42:54,934 | INFO | Evaluates classical ML pipeline parity against reported DNN benchmarks
2026-09-22 00:42:54,934 | INFO | ================================================================================
2026-09-22 00:42:54,940 | INFO | Data Loaded: 756 compounds successfully loaded.
2026-09-22 00:42:55,155 | INFO | Data Split: Dev=642 | Test held-out=114 (isolated from tuning/augmentation)
2026-09-22 00:42:55,155 | INFO | --------------------------------------------------------------------------------
2026-09-22 00:42:55,155 | INFO | EXPERIMENT A: ML Stacking Baseline
2026-09-22 00:42:55,155 | INFO | --------------------------------------------------------------------------------
2026-09-22 00:43:42,124 | INFO | Results Exp A -> R2=0.8072 | MAE=0.4881 | 95% CI [0.7275, 0.8624] | Time: 47.0s
2026-09-22 00:43:42,124 | INFO | --------------------------------------------------------------------------------
2026-09-22 00:43:42,124 | INFO | EXPERIMENT B: + Permutation Importance Feature Selection
2026-09-22 00:43:42,124 | INFO | --------------------------------------------------------------------------------
2026-09-22 00:43:42,125 | INFO | Fitting model for Permutation Importance calculation...
2026-09-22 00:43:51,412 | INFO | Computing Permutation Importance (n_repeats=5, n_jobs=46)...
2026-09-22 00:49:35,232 | INFO | Features selected (importance > 0): 1254/2048
2026-09-22 00:51:02,561 | INFO | Results Exp B -> R2=0.8088 | MAE=0.4868 | 95% CI [0.7311, 0.8637] | Time: 440.4s
2026-09-22 00:51:02,561 | INFO | Feature mask saved to: /home/andrey/Projects/__GITHUB__aavzpy2023/analysispaperKarimova2025/results/selected_features_mask.npy
2026-09-22 00:51:02,562 | INFO | --------------------------------------------------------------------------------
2026-09-22 00:51:02,562 | INFO | EXPERIMENT C: + Gaussian Data Augmentation
2026-09-22 00:51:02,562 | INFO | --------------------------------------------------------------------------------
2026-09-22 00:51:02,643 | INFO | Dataset expansion: 642 -> 1926 (noise levels: [0.01, 0.001])
2026-09-22 01:01:35,159 | INFO | Results Exp C -> R2=0.7815 | MAE=0.5292 | 95% CI [0.6884, 0.8466] | Time: 632.6s
2026-09-22 01:01:35,159 | INFO | ================================================================================
2026-09-22 01:01:35,159 | INFO | EXECUTIVE SUMMARY — RIGOROUS STATISTICAL AUDIT
2026-09-22 01:01:35,159 | INFO | ================================================================================
2026-09-22 01:01:35,159 | INFO | Exp A (baseline): R2=0.8072 | MAE=0.4881 | 95% CI [0.7275, 0.8624]
2026-09-22 01:01:35,159 | INFO |   vs 2D/3D/FP, no feature selection (R2=0.75): above by 0.0572 | p_boot=0.1420 -> NOT significantly different (within 95% CI)
2026-09-22 01:01:35,160 | INFO |   vs After Permutation Importance selection (R2=0.82): below by 0.0128 | p_boot=0.6850 -> NOT significantly different (within 95% CI)
2026-09-22 01:01:35,160 | INFO |   vs Data augmentation + DNN ensemble (R2=0.85): below by 0.0428 | p_boot=0.1520 -> NOT significantly different (within 95% CI)
2026-09-22 01:01:35,160 | INFO | Exp B (+feat.sel.): R2=0.8088 | MAE=0.4868 | 95% CI [0.7311, 0.8637]
2026-09-22 01:01:35,160 | INFO |   vs 2D/3D/FP, no feature selection (R2=0.75): above by 0.0588 | p_boot=0.1250 -> NOT significantly different (within 95% CI)
2026-09-22 01:01:35,160 | INFO |   vs After Permutation Importance selection (R2=0.82): below by 0.0112 | p_boot=0.7050 -> NOT significantly different (within 95% CI)
2026-09-22 01:01:35,160 | INFO |   vs Data augmentation + DNN ensemble (R2=0.85): below by 0.0412 | p_boot=0.1660 -> NOT significantly different (within 95% CI)
2026-09-22 01:01:35,160 | INFO | Exp C (+augment.): R2=0.7815 | MAE=0.5292 | 95% CI [0.6884, 0.8466]
2026-09-22 01:01:35,160 | INFO |   vs 2D/3D/FP, no feature selection (R2=0.75): above by 0.0315 | p_boot=0.5160 -> NOT significantly different (within 95% CI)
2026-09-22 01:01:35,160 | INFO |   vs After Permutation Importance selection (R2=0.82): below by 0.0385 | p_boot=0.2710 -> NOT significantly different (within 95% CI)
2026-09-22 01:01:35,161 | INFO |   vs Data augmentation + DNN ensemble (R2=0.85): below by 0.0685 | p_boot=0.0370 -> SIGNIFICANTLY different
2026-09-22 01:01:35,161 | INFO | --------------------------------------------------------------------------------
2026-09-22 01:01:35,161 | INFO | PAIRED BOOTSTRAP DIFFERENCES (delta R2):
2026-09-22 01:01:35,161 | INFO | Delta R2 (Exp C - Exp A): point=-0.0258 | boot mean=-0.0273 (95% CI [-0.0708, +0.0111], p_boot=0.1660)
2026-09-22 01:01:35,161 | INFO | Delta R2 (Exp B - Exp A): point=+0.0016 | boot mean=+0.0016 (95% CI [-0.0018, +0.0058], p_boot=0.4080)
2026-09-22 01:01:35,162 | INFO | Delta R2 (Exp C - Exp B): point=-0.0274 | boot mean=-0.0289 (95% CI [-0.0717, +0.0068], p_boot=0.1310)
2026-09-22 01:01:35,162 | INFO | --------------------------------------------------------------------------------
2026-09-22 01:01:35,162 | INFO | PERSISTENCE AUDIT — Matching Section 2.5 Protocol
2026-09-22 01:01:35,162 | INFO | --------------------------------------------------------------------------------
2026-09-22 01:01:35,162 | INFO | Fitting clean baseline model (NO augmentation) on dev set for Virtual Screening...
2026-09-22 01:01:52,106 | INFO | Saved unaugmented clean baseline model to: /home/andrey/Projects/__GITHUB__aavzpy2023/analysispaperKarimova2025/results/best_model.joblib
2026-09-22 01:03:59,917 | INFO | Saved augmented model separately to: /home/andrey/Projects/__GITHUB__aavzpy2023/analysispaperKarimova2025/results/best_model_augmented.joblib
2026-09-22 01:03:59,922 | INFO | Results summary saved to /home/andrey/Projects/__GITHUB__aavzpy2023/analysispaperKarimova2025/results/04_augmentation_summary.csv
2026-09-22 01:03:59,933 | INFO | Delta R2, bootstrap distributions and test predictions saved to /home/andrey/Projects/__GITHUB__aavzpy2023/analysispaperKarimova2025/results
2026-09-22 01:03:59,934 | INFO | Variables successfully exported to /home/andrey/Projects/__GITHUB__aavzpy2023/analysispaperKarimova2025/latex/augment_variables.tex
2026-09-22 01:03:59,934 | INFO | 04_augmentation_training.py execution complete with Q1 statistical rigor.

=== END LOG: 04_augmentation_training.py [EXIT CODE: 0] ===

Figure saved to: /home/andrey/Projects/__GITHUB__aavzpy2023/analysispaperKarimova2025/figures/04_augment_r2_comparison.png / .pdf

=== END LOG: 04.1_build_figures.py [EXIT CODE: 0] ===

====================================================================================================
VIRTUAL SCREENING PIPELINE — TgDHFR Inhibitor Search
Timestamp: 2026-09-22 01:04:03
====================================================================================================

[1/5] ML ARCHITECTURE LOADING
  [-] Model path: /home/andrey/Projects/__GITHUB__aavzpy2023/analysispaperKarimova2025/results/best_model.joblib
  [+] Ensembled model loaded successfully (0.12s)
  [-] Mask path: /home/andrey/Projects/__GITHUB__aavzpy2023/analysispaperKarimova2025/results/selected_features_mask.npy
  [+] Mask applied: 1254 / 2048 features (61.23% retention)

[2/5] APPLICABILITY DOMAIN CONFIGURATION (ISOLATION FOREST)
  [-] Training source: /home/andrey/Projects/__GITHUB__aavzpy2023/analysispaperKarimova2025/data/V2-df_ic50_chmbl_CID_myFill.csv
  [+] Training matrix generated: (756, 1254)
  [+] Isolation Forest fitted (Contamination: 5.0%) in 0.75s

[3/5] FDA LIBRARY PROCESSING
  [-] Screening source: /home/andrey/Projects/__GITHUB__aavzpy2023/analysispaperKarimova2025/data/PubChem_FDA-approved_NoInorganics.csv
  [+] Raw compounds imported: 3378
  [+] Physical/Structural Filtering (MW < 1000.0, Allowed Atoms): 2516 candidates retained (74.5%)
  [+] In-Domain Filtering (Isolation Forest): 1674 compounds retained (66.5%)
  [+] Total filtering time: 2.21s

[4/5] ML INFERENCE - BIOACTIVITY PREDICTION (pIC50)
  [+] Inferences completed in 1.283s
  [-] Prediction Statistics -> Mean: 5.6563 | Max: 7.5652 | Min: 4.7977

[5/5] PERFORMANCE REPORTS AND EXPORT

--------------------------------------------------------------------------------
REPORT A: Internal Validation vs Known TgDHFR Controls
--------------------------------------------------------------------------------
Drug               |   pIC50 Exp. |  pIC50 Pred. |  Abs Error | Status
--------------------------------------------------------------------------------
Pyrimethamine      |         6.56 |       6.3180 |     0.2420 | EXCELLENT
Trimethoprim       |         5.57 |       6.0307 |     0.4607 | EXCELLENT

----------------------------------------------------------------------------------------------------
REPORT B: Top 10 FDA Candidates (Sorted by Predicted Affinity)
----------------------------------------------------------------------------------------------------
Rank  Compound Name                    pIC50     LE     BEI    LLE    SEI
----------------------------------------------------------------------------------------------------
1     Methotrexate                    7.5652   0.31   16.65   7.30   3.59
2     Trimetrexate Glucuronate        7.3220   0.25   12.99   7.87   2.90
3     CID 336805                      7.3220   0.25   12.99   7.87   2.90
4     Pralatrexate                    7.2222   0.28   15.13   6.24   3.48
5     Folic Acid                      7.1078   0.30   16.10   7.15   3.33
6     Bendamustine Hydrochloride      6.9281   0.40   17.55   3.24  11.87
7     Methylene Blue                  6.9109   0.45   21.61   7.41  36.11
8     Fentanyl Citrate                6.8720   0.25   13.00   3.98   4.41
9     Trifarotene                     6.8495   0.28   14.90   0.86   9.78
10    Chlorambucil                    6.8381   0.49   22.48   3.46  16.87

====================================================================================================
[SUCCESS] 19 candidates safely exported to:
        -> /home/andrey/Projects/__GITHUB__aavzpy2023/analysispaperKarimova2025/results/FDA_Candidates_For_Docking.csv
        Logs saved in: /home/andrey/Projects/__GITHUB__aavzpy2023/analysispaperKarimova2025/logs/05_virtual_screening.log
        Total execution time: 5.91s
====================================================================================================

=== END LOG: 05_virtual_screening.py [EXIT CODE: 0] ===

Generating plots...
[SUCCESS] Saved: /home/andrey/Projects/__GITHUB__aavzpy2023/analysispaperKarimova2025/figures/05_pIC50_candidates_comparison.png
[SUCCESS] Saved: /home/andrey/Projects/__GITHUB__aavzpy2023/analysispaperKarimova2025/figures/05_pIC50_vs_LE_scatter.png
[SUCCESS] Saved: /home/andrey/Projects/__GITHUB__aavzpy2023/analysispaperKarimova2025/figures/05_candidates_metrics_heatmap.png

=== END LOG: 05.1_build_figures.py [EXIT CODE: 0] ===

================================================================================
REDOCKING VALIDATION PIPELINE — Crystal Ligand Re-Docking
Timestamp: 2026-09-22 01:04:14
Receptor setup: Chain B (DHFR active site) of PDB 6AOG
================================================================================
Target Criterion: Centroid distance < 2.0 Å = Protocol Validated

[1/4] EXTRACTING CRYSTAL LIGAND (CP6)
  [+] Chain B extracted: 17 heavy atoms detected.
  [+] Centroid calculated (Active Site Center): [  3.689  39.992 -62.818]
  [CHECK] Distance between this centroid and the screening box center in paths_config.py (used by step 07): 0.001 A

  [NOTE] Active site center for chain B: [3.689, 39.992, -62.818]
  [NOTE] (Original script used average of both chains: [17.394, 68.757, -68.051])
  [NOTE] Re-running docking procedure with the corrected specific center.
  [+] Extraction completed in 0.00s

[2/4] LIGAND PREPARATION AND CONVERSION
  [+] Crystal ligand PDB successfully written to: /home/andrey/Projects/__GITHUB__aavzpy2023/analysispaperKarimova2025/receptor/crystal_ligand.pdb
  [+] Ligand successfully converted to /home/andrey/Projects/__GITHUB__aavzpy2023/analysispaperKarimova2025/receptor/crystal_ligand.pdbqt via RDKit + Meeko.
  [+] Preparation completed in 0.59s

[3/4] AUTODOCK VINA REDOCKING
  [-] Re-docking ligand 'CP6' into chain 'B'...
  [-] Grid Center: [3.689, 39.992, -62.818] | Box Size: 20.0Å | Exhaustiveness: 32
Computing Vina grid ... done.
WARNING: At low exhaustiveness, it may be impossible to utilize all CPUs.
Performing docking (random seed: 42) ... 
0%   10   20   30   40   50   60   70   80   90   100%
|----|----|----|----|----|----|----|----|----|----|
***************************************************

mode |   affinity | dist from best mode
     | (kcal/mol) | rmsd l.b.| rmsd u.b.
-----+------------+----------+----------
   1       -7.906          0          0
  [+] Docking completed in 6.81s
  [+] Best Pose Binding Affinity: -7.906 kcal/mol

[4/4] VALIDATION RESULT
--------------------------------------------------------------------------------
  [-] Crystal Reference Centroid : [  3.689  39.992 -62.818]
  [-] Docked Output Centroid     : [  3.899  40.17  -62.661]
  [>] Calculated Centroid Distance: 0.317 Å
--------------------------------------------------------------------------------
  [SUCCESS] ✓ PROTOCOL VALIDATED

  [DRAFT] SUGGESTED METHODS SENTENCE FOR MANUSCRIPT:
  "Docking protocol validation was performed by re-docking
  pyrimethamine (CP6, PDB: 6AOG, chain B)
  into the TgDHFR active site. The top-ranked pose reproduced
  the crystallographic binding mode with a centroid distance
  of 0.32 Å (threshold: 2.0 Å)."

  [IMPORTANT WARNING]: The corrected active site center
  for the DHFR site (chain B) is [3.689, 39.992, -62.818].
  Ensure CENTER_X/Y/Z in paths_config.py (used by 07_molecular_docking.py) match this center.

  [+] LaTeX variable definitions saved to: /home/andrey/Projects/__GITHUB__aavzpy2023/analysispaperKarimova2025/latex/redocking_variables.tex
================================================================================
[DONE] Redocking Validation Pipeline completed in 7.41s.
       Logs saved in: /home/andrey/Projects/__GITHUB__aavzpy2023/analysispaperKarimova2025/logs/06_redocking_validation.log
================================================================================

=== END LOG: 06_redocking_validation.py [EXIT CODE: 0] ===

==========================================================================================
07_molecular_docking.py — Fully Agnostic Docking Pipeline
Receptor: /home/andrey/Projects/__GITHUB__aavzpy2023/analysispaperKarimova2025/receptor/receptor.pdbqt
Active site center: [3.689, 39.992, -62.818]
Box: 20.0A | Exhaustiveness: 32
Log file: /home/andrey/Projects/__GITHUB__aavzpy2023/analysispaperKarimova2025/logs/07_molecular_docking.log
==========================================================================================

[INFO] 19 candidates selected for docking
Computing Vina grid ... done.

Compound                  |     LE | Dock (kcal/mol) | Time (s)
-----------------------------------------------------------------
WARNING: At low exhaustiveness, it may be impossible to utilize all CPUs.
Performing docking (random seed: 42) ... 
0%   10   20   30   40   50   60   70   80   90   100%
|----|----|----|----|----|----|----|----|----|----|
***************************************************

mode |   affinity | dist from best mode
     | (kcal/mol) | rmsd l.b.| rmsd u.b.
-----+------------+----------+----------
   1       -8.707          0          0
   2       -8.436      3.941      7.845
   3       -8.436      3.781      7.798
Methotrexate              | -0.264 |           -8.71 |    33.47s
WARNING: At low exhaustiveness, it may be impossible to utilize all CPUs.
Performing docking (random seed: 42) ... 
0%   10   20   30   40   50   60   70   80   90   100%
|----|----|----|----|----|----|----|----|----|----|
***************************************************

mode |   affinity | dist from best mode
     | (kcal/mol) | rmsd l.b.| rmsd u.b.
-----+------------+----------+----------
   1       -8.485          0          0
   2       -8.397     0.1586      2.453
   3        -8.11      2.579      4.757
Trimetrexate Glucuronate  | -0.314 |           -8.48 |    12.41s
WARNING: At low exhaustiveness, it may be impossible to utilize all CPUs.
Performing docking (random seed: 42) ... 
0%   10   20   30   40   50   60   70   80   90   100%
|----|----|----|----|----|----|----|----|----|----|
***************************************************

mode |   affinity | dist from best mode
     | (kcal/mol) | rmsd l.b.| rmsd u.b.
-----+------------+----------+----------
   1       -8.485          0          0
   2       -8.397     0.1586      2.453
   3        -8.11      2.579      4.757
CID 336805                | -0.314 |           -8.48 |    12.76s
WARNING: At low exhaustiveness, it may be impossible to utilize all CPUs.
Performing docking (random seed: 42) ... 
0%   10   20   30   40   50   60   70   80   90   100%
|----|----|----|----|----|----|----|----|----|----|
***************************************************

mode |   affinity | dist from best mode
     | (kcal/mol) | rmsd l.b.| rmsd u.b.
-----+------------+----------+----------
   1       -9.499          0          0
   2       -9.386      4.252      8.339
   3       -9.047      3.727      7.976
Pralatrexate              | -0.271 |           -9.50 |    41.51s
WARNING: At low exhaustiveness, it may be impossible to utilize all CPUs.
Performing docking (random seed: 42) ... 
0%   10   20   30   40   50   60   70   80   90   100%
|----|----|----|----|----|----|----|----|----|----|
***************************************************

mode |   affinity | dist from best mode
     | (kcal/mol) | rmsd l.b.| rmsd u.b.
-----+------------+----------+----------
   1       -8.566          0          0
   2       -8.556      2.841      8.796
   3       -8.511      2.697      8.747
Folic Acid                | -0.268 |           -8.57 |    29.19s
WARNING: At low exhaustiveness, it may be impossible to utilize all CPUs.
Performing docking (random seed: 42) ... 
0%   10   20   30   40   50   60   70   80   90   100%
|----|----|----|----|----|----|----|----|----|----|
***************************************************

mode |   affinity | dist from best mode
     | (kcal/mol) | rmsd l.b.| rmsd u.b.
-----+------------+----------+----------
   1       -6.561          0          0
   2       -6.549      2.328      4.227
   3       -6.508       0.73      2.282
Bendamustine Hydrochlori  | -0.285 |           -6.56 |    11.60s
WARNING: At low exhaustiveness, it may be impossible to utilize all CPUs.
Performing docking (random seed: 42) ... 
0%   10   20   30   40   50   60   70   80   90   100%
|----|----|----|----|----|----|----|----|----|----|
***************************************************

mode |   affinity | dist from best mode
     | (kcal/mol) | rmsd l.b.| rmsd u.b.
-----+------------+----------+----------
   1       -7.327          0          0
   2       -7.211      1.264      7.389
   3       -7.077      1.461      7.758
Methylene Blue            | -0.366 |           -7.33 |     2.84s
WARNING: At low exhaustiveness, it may be impossible to utilize all CPUs.
Performing docking (random seed: 42) ... 
0%   10   20   30   40   50   60   70   80   90   100%
|----|----|----|----|----|----|----|----|----|----|
***************************************************

mode |   affinity | dist from best mode
     | (kcal/mol) | rmsd l.b.| rmsd u.b.
-----+------------+----------+----------
   1       -8.662          0          0
   2       -8.526      2.617      7.342
   3       -8.465      3.115      4.792
Fentanyl Citrate          | -0.346 |           -8.66 |     9.43s
WARNING: At low exhaustiveness, it may be impossible to utilize all CPUs.
Performing docking (random seed: 42) ... 
0%   10   20   30   40   50   60   70   80   90   100%
|----|----|----|----|----|----|----|----|----|----|
***************************************************

mode |   affinity | dist from best mode
     | (kcal/mol) | rmsd l.b.| rmsd u.b.
-----+------------+----------+----------
   1       -9.007          0          0
   2       -8.599      2.001      2.903
   3       -8.162      4.054       6.77
Trifarotene               | -0.265 |           -9.01 |    29.40s
WARNING: At low exhaustiveness, it may be impossible to utilize all CPUs.
Performing docking (random seed: 42) ... 
0%   10   20   30   40   50   60   70   80   90   100%
|----|----|----|----|----|----|----|----|----|----|
***************************************************

mode |   affinity | dist from best mode
     | (kcal/mol) | rmsd l.b.| rmsd u.b.
-----+------------+----------+----------
   1       -6.433          0          0
   2       -6.345      5.006        7.6
   3       -6.188      4.997      7.378
Chlorambucil              | -0.339 |           -6.43 |     9.23s
WARNING: At low exhaustiveness, it may be impossible to utilize all CPUs.
Performing docking (random seed: 42) ... 
0%   10   20   30   40   50   60   70   80   90   100%
|----|----|----|----|----|----|----|----|----|----|
***************************************************

mode |   affinity | dist from best mode
     | (kcal/mol) | rmsd l.b.| rmsd u.b.
-----+------------+----------+----------
   1       -8.044          0          0
   2       -7.866      1.517      3.024
   3       -7.602      2.094      2.399
Triamterene               | -0.423 |           -8.04 |     4.54s
WARNING: At low exhaustiveness, it may be impossible to utilize all CPUs.
Performing docking (random seed: 42) ... 
0%   10   20   30   40   50   60   70   80   90   100%
|----|----|----|----|----|----|----|----|----|----|
***************************************************

mode |   affinity | dist from best mode
     | (kcal/mol) | rmsd l.b.| rmsd u.b.
-----+------------+----------+----------
   1       -7.355          0          0
   2       -7.051      1.867      2.508
   3       -6.951      3.978      6.257
Pyrimethamine             | -0.433 |           -7.36 |     4.03s
WARNING: At low exhaustiveness, it may be impossible to utilize all CPUs.
Performing docking (random seed: 42) ... 
0%   10   20   30   40   50   60   70   80   90   100%
|----|----|----|----|----|----|----|----|----|----|
***************************************************

mode |   affinity | dist from best mode
     | (kcal/mol) | rmsd l.b.| rmsd u.b.
-----+------------+----------+----------
   1       -7.274          0          0
   2       -7.234      0.232      2.808
   3        -6.84      3.781      5.513
Sulfamethoxazole; Trimet  | -0.346 |           -7.27 |     7.49s
WARNING: At low exhaustiveness, it may be impossible to utilize all CPUs.
Performing docking (random seed: 42) ... 
0%   10   20   30   40   50   60   70   80   90   100%
|----|----|----|----|----|----|----|----|----|----|
***************************************************

mode |   affinity | dist from best mode
     | (kcal/mol) | rmsd l.b.| rmsd u.b.
-----+------------+----------+----------
   1       -7.947          0          0
   2       -7.603      2.143      5.243
   3       -7.393      2.554      5.728
Finerenone                | -0.284 |           -7.95 |     9.61s
WARNING: At low exhaustiveness, it may be impossible to utilize all CPUs.
Performing docking (random seed: 42) ... 
0%   10   20   30   40   50   60   70   80   90   100%
|----|----|----|----|----|----|----|----|----|----|
***************************************************

mode |   affinity | dist from best mode
     | (kcal/mol) | rmsd l.b.| rmsd u.b.
-----+------------+----------+----------
   1       -7.274          0          0
   2       -7.234      0.232      2.808
   3        -6.84      3.781      5.513
Trimethoprim              | -0.346 |           -7.27 |     7.68s
WARNING: At low exhaustiveness, it may be impossible to utilize all CPUs.
Performing docking (random seed: 42) ... 
0%   10   20   30   40   50   60   70   80   90   100%
|----|----|----|----|----|----|----|----|----|----|
***************************************************

mode |   affinity | dist from best mode
     | (kcal/mol) | rmsd l.b.| rmsd u.b.
-----+------------+----------+----------
   1       -7.274          0          0
   2       -7.234      0.232      2.808
   3        -6.84      3.781      5.513
Trimethoprim Hydrochlori  | -0.346 |           -7.27 |     7.65s
WARNING: At low exhaustiveness, it may be impossible to utilize all CPUs.
Performing docking (random seed: 42) ... 
0%   10   20   30   40   50   60   70   80   90   100%
|----|----|----|----|----|----|----|----|----|----|
***************************************************

mode |   affinity | dist from best mode
     | (kcal/mol) | rmsd l.b.| rmsd u.b.
-----+------------+----------+----------
   1       -7.274          0          0
   2       -7.234      0.232      2.808
   3        -6.84      3.781      5.513
Trimethoprim sulfate      | -0.346 |           -7.27 |     7.68s
WARNING: At low exhaustiveness, it may be impossible to utilize all CPUs.
Performing docking (random seed: 42) ... 
0%   10   20   30   40   50   60   70   80   90   100%
|----|----|----|----|----|----|----|----|----|----|
***************************************************

mode |   affinity | dist from best mode
     | (kcal/mol) | rmsd l.b.| rmsd u.b.
-----+------------+----------+----------
   1       -7.584          0          0
   2       -7.558      2.817      5.004
   3       -7.276      2.708      4.219
Etodolac                  | -0.361 |           -7.58 |     5.07s
WARNING: At low exhaustiveness, it may be impossible to utilize all CPUs.
Performing docking (random seed: 42) ... 
0%   10   20   30   40   50   60   70   80   90   100%
|----|----|----|----|----|----|----|----|----|----|
***************************************************

mode |   affinity | dist from best mode
     | (kcal/mol) | rmsd l.b.| rmsd u.b.
-----+------------+----------+----------
   1       -8.765          0          0
   2       -8.365      1.182      1.811
   3       -8.037      1.156      7.093
Bisacodyl                 | -0.325 |           -8.77 |    10.62s

====================================================================================================
FINAL RESULTS ENRICHED — ML Prediction vs. Physics (AutoDock Vina)
====================================================================================================
Compound                  |  ML pIC50 |     Vina |      LE | Agreement
--------------------------------------------------------------------------------
Pralatrexate              |    7.2222 |    -9.50 |  -0.271 | VALIDATED (+)
Trifarotene               |    6.8495 |    -9.01 |  -0.265 | VALIDATED (+)
Bisacodyl                 |    5.3504 |    -8.76 |  -0.325 | ML FALSE NEGATIVE
Methotrexate              |    7.5652 |    -8.71 |  -0.264 | VALIDATED (+)
Fentanyl Citrate          |    6.8720 |    -8.66 |  -0.346 | VALIDATED (+)
Folic Acid                |    7.1078 |    -8.57 |  -0.268 | VALIDATED (+)
Trimetrexate Glucuronate  |    7.3220 |    -8.48 |  -0.314 | VALIDATED (+)
CID 336805                |    7.3220 |    -8.48 |  -0.314 | VALIDATED (+)
Triamterene               |    6.6045 |    -8.04 |  -0.423 | VALIDATED (+)
Finerenone                |    5.7838 |    -7.95 |  -0.284 | Neutral
Etodolac                  |    5.4981 |    -7.58 |  -0.361 | Neutral
Pyrimethamine             |    6.3180 |    -7.36 |  -0.433 | Neutral
Methylene Blue            |    6.9109 |    -7.33 |  -0.366 | ML FALSE POSITIVE
Sulfamethoxazole; Trimet  |    6.0307 |    -7.27 |  -0.346 | Neutral
Trimethoprim              |    5.6380 |    -7.27 |  -0.346 | VALIDATED (-)
Trimethoprim Hydrochlori  |    5.6380 |    -7.27 |  -0.346 | VALIDATED (-)
Trimethoprim sulfate      |    5.5958 |    -7.27 |  -0.346 | VALIDATED (-)
Bendamustine Hydrochlori  |    6.9281 |    -6.56 |  -0.285 | ML FALSE POSITIVE
Chlorambucil              |    6.8381 |    -6.43 |  -0.339 | ML FALSE POSITIVE

[EXPORT] Enriched dataset saved to /home/andrey/Projects/__GITHUB__aavzpy2023/analysispaperKarimova2025/results/Final_Validation_Hybrid.csv

[LATEX] Attempting to write file to: /home/andrey/Projects/__GITHUB__aavzpy2023/analysispaperKarimova2025/latex/docking_variables.tex
[LATEX] SUCCESS! Variables exported to /home/andrey/Projects/__GITHUB__aavzpy2023/analysispaperKarimova2025/latex/docking_variables.tex
[DONE] 07_molecular_docking.py complete.

=== END LOG: 07_molecular_docking.py [EXIT CODE: 0] ===

[-] Reading data from: /home/andrey/Projects/__GITHUB__aavzpy2023/analysispaperKarimova2025/results/Final_Validation_Hybrid.csv
Looks like you are using a tranform that doesn't support FancyArrowPatch, using ax.annotate instead. The arrows might strike through texts. Increasing shrinkA in arrowprops might help.
[+] Enhanced figure saved successfully at: /home/andrey/Projects/__GITHUB__aavzpy2023/analysispaperKarimova2025/figures/07_docking_scatter.png

=== END LOG: 07.1_build_figures.py [EXIT CODE: 0] ===

==========================================================================================
08_admet_profiling.py — ADMET Profiling & Toxicity Risk Assessment
Log file: /home/andrey/Projects/__GITHUB__aavzpy2023/analysispaperKarimova2025/logs/08_admet_profiling.log
==========================================================================================
[1] Total initial candidates from docking: 19
[1] Evaluating Lipinski rule of five on 48 cores...
[1] Candidates passing Lipinski: 13
Found local copy...
Loading...
Done!

[2] Training hERG Cardiotoxicity Classifier (TDC Dataset: 655 samples)...
Found local copy...
Loading...
Done!

[3] Training Caco-2 Permeability Regressor (TDC Dataset: 910 samples)...

[EXPORT] Full analytical dataset (for plotting) saved to /home/andrey/Projects/__GITHUB__aavzpy2023/analysispaperKarimova2025/results/ADMET_CANDIDATES_For_Docking_FULL_PRE_FILTER.csv

[4] Flagged by hERG toxicity: 7 compounds

=========================================================================================================
ADMET PROFILING RESULTS SUMMARY
=========================================================================================================
Pralatrexate                 | hERG Prob: 0.312 | Caco-2:  -5.41 | Profile: Parenteral Candidate (Low Caco-2)
Methotrexate                 | hERG Prob: 0.400 | Caco-2:  -5.87 | Profile: Parenteral Candidate (Low Caco-2)
Pyrimethamine                | hERG Prob: 0.125 | Caco-2:  -4.42 | Profile: ADMET-Compliant (Oral)
Methylene Blue               | hERG Prob: 0.460 | Caco-2:  -4.61 | Profile: ADMET-Compliant (Oral)
Trimethoprim                 | hERG Prob: 0.140 | Caco-2:  -4.77 | Profile: ADMET-Compliant (Oral)
Trimethoprim Hydrochloride   | hERG Prob: 0.140 | Caco-2:  -4.77 | Profile: ADMET-Compliant (Oral)

[EXPORT] Safe candidates (6) saved to /home/andrey/Projects/__GITHUB__aavzpy2023/analysispaperKarimova2025/results/ADMET_CANDIDATES_For_Docking.csv
[TIME] Total execution: 0m 2s
[DONE] 08_admet_profiling.py complete.

=== END LOG: 08_admet_profiling.py [EXIT CODE: 0] ===

[-] Reading full ADMET dataset from: /home/andrey/Projects/__GITHUB__aavzpy2023/analysispaperKarimova2025/results/ADMET_CANDIDATES_For_Docking_FULL_PRE_FILTER.csv
Looks like you are using a tranform that doesn't support FancyArrowPatch, using ax.annotate instead. The arrows might strike through texts. Increasing shrinkA in arrowprops might help.
[+] ADMET figure saved successfully at: /home/andrey/Projects/__GITHUB__aavzpy2023/analysispaperKarimova2025/figures/08_admet_quadrants.png

=== END LOG: 08.1_build_figures.py [EXIT CODE: 0] ===

=========================================================================================================
09_gnn_baseline.py — Graph Neural Network (GNN) Benchmarking: ChemProp D-MPNN, 5x5 repeated CV
Log file: /home/andrey/Projects/__GITHUB__aavzpy2023/analysispaperKarimova2025/logs/09_gnn_baseline.log
=========================================================================================================
[1] Loading dataset from /home/andrey/Projects/__GITHUB__aavzpy2023/analysispaperKarimova2025/data/V2-df_ic50_chmbl_CID_myFill.csv...
[1] Dataset loaded successfully: 756 compounds.

[2] Evaluating ChemProp (D-MPNN 5x5 CV)...

  [ChemProp] Starting 5x5 CV (N=756 compounds)...
INFO: Seed set to 42
2026-09-22 01:08:58,293 | INFO | Seed set to 42
  --> [2026-09-22 01:08:58] Training Fold 1/25...
INFO: GPU available: False, used: False
2026-09-22 01:08:58,655 | INFO | GPU available: False, used: False
INFO: TPU available: False, using: 0 TPU cores
2026-09-22 01:08:58,656 | INFO | TPU available: False, using: 0 TPU cores
INFO: Loading `train_dataloader` to estimate number of stepping batches.
2026-09-22 01:08:58,659 | INFO | Loading `train_dataloader` to estimate number of stepping batches.
INFO: `Trainer.fit` stopped: `max_epochs=100` reached.
2026-09-22 01:11:31,254 | INFO | `Trainer.fit` stopped: `max_epochs=100` reached.
  --> [2026-09-22 01:11:31] Fold 1/25 OK | R2=0.7122 | MAE=0.5509 | 153.3s
INFO: Seed set to 43
2026-09-22 01:11:31,593 | INFO | Seed set to 43
  --> [2026-09-22 01:11:31] Training Fold 2/25...
INFO: GPU available: False, used: False
2026-09-22 01:11:32,078 | INFO | GPU available: False, used: False
INFO: TPU available: False, using: 0 TPU cores
2026-09-22 01:11:32,078 | INFO | TPU available: False, using: 0 TPU cores
INFO: Loading `train_dataloader` to estimate number of stepping batches.
2026-09-22 01:11:32,082 | INFO | Loading `train_dataloader` to estimate number of stepping batches.
INFO: `Trainer.fit` stopped: `max_epochs=100` reached.
2026-09-22 01:14:23,856 | INFO | `Trainer.fit` stopped: `max_epochs=100` reached.
  --> [2026-09-22 01:14:24] Fold 2/25 OK | R2=0.6055 | MAE=0.5608 | 172.6s
INFO: Seed set to 44
2026-09-22 01:14:24,173 | INFO | Seed set to 44
  --> [2026-09-22 01:14:24] Training Fold 3/25...
INFO: GPU available: False, used: False
2026-09-22 01:14:24,658 | INFO | GPU available: False, used: False
INFO: TPU available: False, using: 0 TPU cores
2026-09-22 01:14:24,658 | INFO | TPU available: False, using: 0 TPU cores
INFO: Loading `train_dataloader` to estimate number of stepping batches.
2026-09-22 01:14:24,662 | INFO | Loading `train_dataloader` to estimate number of stepping batches.
INFO: `Trainer.fit` stopped: `max_epochs=100` reached.
2026-09-22 01:17:17,161 | INFO | `Trainer.fit` stopped: `max_epochs=100` reached.
  --> [2026-09-22 01:17:17] Fold 3/25 OK | R2=0.6827 | MAE=0.5707 | 173.3s
INFO: Seed set to 45
2026-09-22 01:17:17,488 | INFO | Seed set to 45
  --> [2026-09-22 01:17:17] Training Fold 4/25...
INFO: GPU available: False, used: False
2026-09-22 01:17:17,977 | INFO | GPU available: False, used: False
INFO: TPU available: False, using: 0 TPU cores
2026-09-22 01:17:17,977 | INFO | TPU available: False, using: 0 TPU cores
INFO: Loading `train_dataloader` to estimate number of stepping batches.
2026-09-22 01:17:17,981 | INFO | Loading `train_dataloader` to estimate number of stepping batches.
INFO: `Trainer.fit` stopped: `max_epochs=100` reached.
2026-09-22 01:20:07,994 | INFO | `Trainer.fit` stopped: `max_epochs=100` reached.
  --> [2026-09-22 01:20:08] Fold 4/25 OK | R2=0.7652 | MAE=0.4741 | 170.8s
INFO: Seed set to 46
2026-09-22 01:20:08,312 | INFO | Seed set to 46
  --> [2026-09-22 01:20:08] Training Fold 5/25...
INFO: GPU available: False, used: False
2026-09-22 01:20:08,798 | INFO | GPU available: False, used: False
INFO: TPU available: False, using: 0 TPU cores
2026-09-22 01:20:08,798 | INFO | TPU available: False, using: 0 TPU cores
INFO: Loading `train_dataloader` to estimate number of stepping batches.
2026-09-22 01:20:08,802 | INFO | Loading `train_dataloader` to estimate number of stepping batches.
INFO: `Trainer.fit` stopped: `max_epochs=100` reached.
2026-09-22 01:22:57,427 | INFO | `Trainer.fit` stopped: `max_epochs=100` reached.
  --> [2026-09-22 01:22:57] Fold 5/25 OK | R2=0.6512 | MAE=0.4928 | 169.4s
INFO: Seed set to 47
2026-09-22 01:22:57,746 | INFO | Seed set to 47
  --> [2026-09-22 01:22:57] Training Fold 6/25...
INFO: GPU available: False, used: False
2026-09-22 01:22:58,231 | INFO | GPU available: False, used: False
INFO: TPU available: False, using: 0 TPU cores
2026-09-22 01:22:58,231 | INFO | TPU available: False, using: 0 TPU cores
INFO: Loading `train_dataloader` to estimate number of stepping batches.
2026-09-22 01:22:58,234 | INFO | Loading `train_dataloader` to estimate number of stepping batches.
INFO: `Trainer.fit` stopped: `max_epochs=100` reached.
2026-09-22 01:25:48,732 | INFO | `Trainer.fit` stopped: `max_epochs=100` reached.
  --> [2026-09-22 01:25:49] Fold 6/25 OK | R2=0.7756 | MAE=0.4950 | 171.3s
INFO: Seed set to 48
2026-09-22 01:25:49,054 | INFO | Seed set to 48
  --> [2026-09-22 01:25:49] Training Fold 7/25...
INFO: GPU available: False, used: False
2026-09-22 01:25:49,542 | INFO | GPU available: False, used: False
INFO: TPU available: False, using: 0 TPU cores
2026-09-22 01:25:49,542 | INFO | TPU available: False, using: 0 TPU cores
INFO: Loading `train_dataloader` to estimate number of stepping batches.
2026-09-22 01:25:49,545 | INFO | Loading `train_dataloader` to estimate number of stepping batches.
INFO: `Trainer.fit` stopped: `max_epochs=100` reached.
2026-09-22 01:28:41,665 | INFO | `Trainer.fit` stopped: `max_epochs=100` reached.
  --> [2026-09-22 01:28:41] Fold 7/25 OK | R2=0.6932 | MAE=0.5396 | 172.9s
INFO: Seed set to 49
2026-09-22 01:28:41,976 | INFO | Seed set to 49
  --> [2026-09-22 01:28:41] Training Fold 8/25...
INFO: GPU available: False, used: False
2026-09-22 01:28:42,457 | INFO | GPU available: False, used: False
INFO: TPU available: False, using: 0 TPU cores
2026-09-22 01:28:42,457 | INFO | TPU available: False, using: 0 TPU cores
INFO: Loading `train_dataloader` to estimate number of stepping batches.
2026-09-22 01:28:42,460 | INFO | Loading `train_dataloader` to estimate number of stepping batches.
INFO: `Trainer.fit` stopped: `max_epochs=100` reached.
2026-09-22 01:31:35,639 | INFO | `Trainer.fit` stopped: `max_epochs=100` reached.
  --> [2026-09-22 01:31:35] Fold 8/25 OK | R2=0.6792 | MAE=0.5463 | 174.0s
INFO: Seed set to 50
2026-09-22 01:31:35,961 | INFO | Seed set to 50
  --> [2026-09-22 01:31:35] Training Fold 9/25...
INFO: GPU available: False, used: False
2026-09-22 01:31:36,448 | INFO | GPU available: False, used: False
INFO: TPU available: False, using: 0 TPU cores
2026-09-22 01:31:36,449 | INFO | TPU available: False, using: 0 TPU cores
INFO: Loading `train_dataloader` to estimate number of stepping batches.
2026-09-22 01:31:36,452 | INFO | Loading `train_dataloader` to estimate number of stepping batches.
INFO: `Trainer.fit` stopped: `max_epochs=100` reached.
2026-09-22 01:34:31,310 | INFO | `Trainer.fit` stopped: `max_epochs=100` reached.
  --> [2026-09-22 01:34:31] Fold 9/25 OK | R2=0.7412 | MAE=0.4861 | 175.7s
INFO: Seed set to 51
2026-09-22 01:34:31,627 | INFO | Seed set to 51
  --> [2026-09-22 01:34:31] Training Fold 10/25...
INFO: GPU available: False, used: False
2026-09-22 01:34:32,117 | INFO | GPU available: False, used: False
INFO: TPU available: False, using: 0 TPU cores
2026-09-22 01:34:32,117 | INFO | TPU available: False, using: 0 TPU cores
INFO: Loading `train_dataloader` to estimate number of stepping batches.
2026-09-22 01:34:32,121 | INFO | Loading `train_dataloader` to estimate number of stepping batches.
INFO: `Trainer.fit` stopped: `max_epochs=100` reached.
2026-09-22 01:37:18,780 | INFO | `Trainer.fit` stopped: `max_epochs=100` reached.
  --> [2026-09-22 01:37:19] Fold 10/25 OK | R2=0.5774 | MAE=0.5679 | 167.5s
INFO: Seed set to 52
2026-09-22 01:37:19,098 | INFO | Seed set to 52
  --> [2026-09-22 01:37:19] Training Fold 11/25...
INFO: GPU available: False, used: False
2026-09-22 01:37:19,589 | INFO | GPU available: False, used: False
INFO: TPU available: False, using: 0 TPU cores
2026-09-22 01:37:19,589 | INFO | TPU available: False, using: 0 TPU cores
INFO: Loading `train_dataloader` to estimate number of stepping batches.
2026-09-22 01:37:19,593 | INFO | Loading `train_dataloader` to estimate number of stepping batches.
INFO: `Trainer.fit` stopped: `max_epochs=100` reached.
2026-09-22 01:40:09,514 | INFO | `Trainer.fit` stopped: `max_epochs=100` reached.
  --> [2026-09-22 01:40:09] Fold 11/25 OK | R2=0.6838 | MAE=0.5657 | 170.7s
INFO: Seed set to 53
2026-09-22 01:40:09,833 | INFO | Seed set to 53
  --> [2026-09-22 01:40:09] Training Fold 12/25...
INFO: GPU available: False, used: False
2026-09-22 01:40:10,326 | INFO | GPU available: False, used: False
INFO: TPU available: False, using: 0 TPU cores
2026-09-22 01:40:10,326 | INFO | TPU available: False, using: 0 TPU cores
INFO: Loading `train_dataloader` to estimate number of stepping batches.
2026-09-22 01:40:10,329 | INFO | Loading `train_dataloader` to estimate number of stepping batches.
INFO: `Trainer.fit` stopped: `max_epochs=100` reached.
2026-09-22 01:43:01,430 | INFO | `Trainer.fit` stopped: `max_epochs=100` reached.
  --> [2026-09-22 01:43:01] Fold 12/25 OK | R2=0.7481 | MAE=0.5007 | 171.9s
INFO: Seed set to 54
2026-09-22 01:43:01,752 | INFO | Seed set to 54
  --> [2026-09-22 01:43:01] Training Fold 13/25...
INFO: GPU available: False, used: False
2026-09-22 01:43:02,243 | INFO | GPU available: False, used: False
INFO: TPU available: False, using: 0 TPU cores
2026-09-22 01:43:02,243 | INFO | TPU available: False, using: 0 TPU cores
INFO: Loading `train_dataloader` to estimate number of stepping batches.
2026-09-22 01:43:02,247 | INFO | Loading `train_dataloader` to estimate number of stepping batches.
INFO: `Trainer.fit` stopped: `max_epochs=100` reached.
2026-09-22 01:45:56,006 | INFO | `Trainer.fit` stopped: `max_epochs=100` reached.
  --> [2026-09-22 01:45:56] Fold 13/25 OK | R2=0.6007 | MAE=0.5558 | 174.6s
INFO: Seed set to 55
2026-09-22 01:45:56,340 | INFO | Seed set to 55
  --> [2026-09-22 01:45:56] Training Fold 14/25...
INFO: GPU available: False, used: False
2026-09-22 01:45:56,831 | INFO | GPU available: False, used: False
INFO: TPU available: False, using: 0 TPU cores
2026-09-22 01:45:56,831 | INFO | TPU available: False, using: 0 TPU cores
INFO: Loading `train_dataloader` to estimate number of stepping batches.
2026-09-22 01:45:56,834 | INFO | Loading `train_dataloader` to estimate number of stepping batches.
INFO: `Trainer.fit` stopped: `max_epochs=100` reached.
2026-09-22 01:48:47,669 | INFO | `Trainer.fit` stopped: `max_epochs=100` reached.
  --> [2026-09-22 01:48:47] Fold 14/25 OK | R2=0.7193 | MAE=0.4736 | 171.6s
INFO: Seed set to 56
2026-09-22 01:48:47,986 | INFO | Seed set to 56
  --> [2026-09-22 01:48:47] Training Fold 15/25...
INFO: GPU available: False, used: False
2026-09-22 01:48:48,479 | INFO | GPU available: False, used: False
INFO: TPU available: False, using: 0 TPU cores
2026-09-22 01:48:48,479 | INFO | TPU available: False, using: 0 TPU cores
INFO: Loading `train_dataloader` to estimate number of stepping batches.
2026-09-22 01:48:48,483 | INFO | Loading `train_dataloader` to estimate number of stepping batches.
INFO: `Trainer.fit` stopped: `max_epochs=100` reached.
2026-09-22 01:51:40,242 | INFO | `Trainer.fit` stopped: `max_epochs=100` reached.
  --> [2026-09-22 01:51:40] Fold 15/25 OK | R2=0.6563 | MAE=0.5803 | 172.6s
INFO: Seed set to 57
2026-09-22 01:51:40,566 | INFO | Seed set to 57
  --> [2026-09-22 01:51:40] Training Fold 16/25...
INFO: GPU available: False, used: False
2026-09-22 01:51:41,058 | INFO | GPU available: False, used: False
INFO: TPU available: False, using: 0 TPU cores
2026-09-22 01:51:41,058 | INFO | TPU available: False, using: 0 TPU cores
INFO: Loading `train_dataloader` to estimate number of stepping batches.
2026-09-22 01:51:41,061 | INFO | Loading `train_dataloader` to estimate number of stepping batches.
INFO: `Trainer.fit` stopped: `max_epochs=100` reached.
2026-09-22 01:54:33,576 | INFO | `Trainer.fit` stopped: `max_epochs=100` reached.
  --> [2026-09-22 01:54:33] Fold 16/25 OK | R2=0.6137 | MAE=0.5463 | 173.3s
INFO: Seed set to 58
2026-09-22 01:54:33,901 | INFO | Seed set to 58
  --> [2026-09-22 01:54:33] Training Fold 17/25...
INFO: GPU available: False, used: False
2026-09-22 01:54:34,395 | INFO | GPU available: False, used: False
INFO: TPU available: False, using: 0 TPU cores
2026-09-22 01:54:34,395 | INFO | TPU available: False, using: 0 TPU cores
INFO: Loading `train_dataloader` to estimate number of stepping batches.
2026-09-22 01:54:34,398 | INFO | Loading `train_dataloader` to estimate number of stepping batches.
INFO: `Trainer.fit` stopped: `max_epochs=100` reached.
2026-09-22 01:57:28,192 | INFO | `Trainer.fit` stopped: `max_epochs=100` reached.
  --> [2026-09-22 01:57:28] Fold 17/25 OK | R2=0.7388 | MAE=0.5023 | 174.6s
INFO: Seed set to 59
2026-09-22 01:57:28,515 | INFO | Seed set to 59
  --> [2026-09-22 01:57:28] Training Fold 18/25...
INFO: GPU available: False, used: False
2026-09-22 01:57:29,006 | INFO | GPU available: False, used: False
INFO: TPU available: False, using: 0 TPU cores
2026-09-22 01:57:29,006 | INFO | TPU available: False, using: 0 TPU cores
INFO: Loading `train_dataloader` to estimate number of stepping batches.
2026-09-22 01:57:29,010 | INFO | Loading `train_dataloader` to estimate number of stepping batches.
INFO: `Trainer.fit` stopped: `max_epochs=100` reached.
2026-09-22 02:00:17,589 | INFO | `Trainer.fit` stopped: `max_epochs=100` reached.
  --> [2026-09-22 02:00:17] Fold 18/25 OK | R2=0.6871 | MAE=0.4886 | 169.4s
INFO: Seed set to 60
2026-09-22 02:00:17,911 | INFO | Seed set to 60
  --> [2026-09-22 02:00:17] Training Fold 19/25...
INFO: GPU available: False, used: False
2026-09-22 02:00:18,405 | INFO | GPU available: False, used: False
INFO: TPU available: False, using: 0 TPU cores
2026-09-22 02:00:18,406 | INFO | TPU available: False, using: 0 TPU cores
INFO: Loading `train_dataloader` to estimate number of stepping batches.
2026-09-22 02:00:18,409 | INFO | Loading `train_dataloader` to estimate number of stepping batches.
INFO: `Trainer.fit` stopped: `max_epochs=100` reached.
2026-09-22 02:03:05,827 | INFO | `Trainer.fit` stopped: `max_epochs=100` reached.
  --> [2026-09-22 02:03:06] Fold 19/25 OK | R2=0.6798 | MAE=0.5614 | 168.2s
INFO: Seed set to 61
2026-09-22 02:03:06,143 | INFO | Seed set to 61
  --> [2026-09-22 02:03:06] Training Fold 20/25...
INFO: GPU available: False, used: False
2026-09-22 02:03:06,635 | INFO | GPU available: False, used: False
INFO: TPU available: False, using: 0 TPU cores
2026-09-22 02:03:06,636 | INFO | TPU available: False, using: 0 TPU cores
INFO: Loading `train_dataloader` to estimate number of stepping batches.
2026-09-22 02:03:06,639 | INFO | Loading `train_dataloader` to estimate number of stepping batches.
INFO: `Trainer.fit` stopped: `max_epochs=100` reached.
2026-09-22 02:05:52,098 | INFO | `Trainer.fit` stopped: `max_epochs=100` reached.
  --> [2026-09-22 02:05:52] Fold 20/25 OK | R2=0.6541 | MAE=0.5460 | 166.3s
INFO: Seed set to 62
2026-09-22 02:05:52,407 | INFO | Seed set to 62
  --> [2026-09-22 02:05:52] Training Fold 21/25...
INFO: GPU available: False, used: False
2026-09-22 02:05:52,902 | INFO | GPU available: False, used: False
INFO: TPU available: False, using: 0 TPU cores
2026-09-22 02:05:52,902 | INFO | TPU available: False, using: 0 TPU cores
INFO: Loading `train_dataloader` to estimate number of stepping batches.
2026-09-22 02:05:52,905 | INFO | Loading `train_dataloader` to estimate number of stepping batches.
INFO: `Trainer.fit` stopped: `max_epochs=100` reached.
2026-09-22 02:08:36,582 | INFO | `Trainer.fit` stopped: `max_epochs=100` reached.
  --> [2026-09-22 02:08:36] Fold 21/25 OK | R2=0.5585 | MAE=0.6227 | 164.5s
INFO: Seed set to 63
2026-09-22 02:08:36,916 | INFO | Seed set to 63
  --> [2026-09-22 02:08:36] Training Fold 22/25...
INFO: GPU available: False, used: False
2026-09-22 02:08:37,415 | INFO | GPU available: False, used: False
INFO: TPU available: False, using: 0 TPU cores
2026-09-22 02:08:37,415 | INFO | TPU available: False, using: 0 TPU cores
INFO: Loading `train_dataloader` to estimate number of stepping batches.
2026-09-22 02:08:37,419 | INFO | Loading `train_dataloader` to estimate number of stepping batches.
INFO: `Trainer.fit` stopped: `max_epochs=100` reached.
2026-09-22 02:11:23,443 | INFO | `Trainer.fit` stopped: `max_epochs=100` reached.
  --> [2026-09-22 02:11:23] Fold 22/25 OK | R2=0.7162 | MAE=0.5112 | 166.8s
INFO: Seed set to 64
2026-09-22 02:11:23,761 | INFO | Seed set to 64
  --> [2026-09-22 02:11:23] Training Fold 23/25...
INFO: GPU available: False, used: False
2026-09-22 02:11:24,255 | INFO | GPU available: False, used: False
INFO: TPU available: False, using: 0 TPU cores
2026-09-22 02:11:24,256 | INFO | TPU available: False, using: 0 TPU cores
INFO: Loading `train_dataloader` to estimate number of stepping batches.
2026-09-22 02:11:24,259 | INFO | Loading `train_dataloader` to estimate number of stepping batches.
INFO: `Trainer.fit` stopped: `max_epochs=100` reached.
2026-09-22 02:14:10,298 | INFO | `Trainer.fit` stopped: `max_epochs=100` reached.
  --> [2026-09-22 02:14:10] Fold 23/25 OK | R2=0.6002 | MAE=0.5997 | 166.8s
INFO: Seed set to 65
2026-09-22 02:14:10,611 | INFO | Seed set to 65
  --> [2026-09-22 02:14:10] Training Fold 24/25...
INFO: GPU available: False, used: False
2026-09-22 02:14:11,107 | INFO | GPU available: False, used: False
INFO: TPU available: False, using: 0 TPU cores
2026-09-22 02:14:11,108 | INFO | TPU available: False, using: 0 TPU cores
INFO: Loading `train_dataloader` to estimate number of stepping batches.
2026-09-22 02:14:11,111 | INFO | Loading `train_dataloader` to estimate number of stepping batches.
INFO: `Trainer.fit` stopped: `max_epochs=100` reached.
2026-09-22 02:16:57,778 | INFO | `Trainer.fit` stopped: `max_epochs=100` reached.
  --> [2026-09-22 02:16:58] Fold 24/25 OK | R2=0.7155 | MAE=0.5337 | 167.5s
INFO: Seed set to 66
2026-09-22 02:16:58,096 | INFO | Seed set to 66
  --> [2026-09-22 02:16:58] Training Fold 25/25...
INFO: GPU available: False, used: False
2026-09-22 02:16:58,591 | INFO | GPU available: False, used: False
INFO: TPU available: False, using: 0 TPU cores
2026-09-22 02:16:58,591 | INFO | TPU available: False, using: 0 TPU cores
INFO: Loading `train_dataloader` to estimate number of stepping batches.
2026-09-22 02:16:58,594 | INFO | Loading `train_dataloader` to estimate number of stepping batches.
INFO: `Trainer.fit` stopped: `max_epochs=100` reached.
2026-09-22 02:19:44,134 | INFO | `Trainer.fit` stopped: `max_epochs=100` reached.
  --> [2026-09-22 02:19:44] Fold 25/25 OK | R2=0.7496 | MAE=0.5107 | 166.4s

  [ChemProp] 5x5 CV Completed.
  [ChemProp Result] R2=0.6802 ± 0.0595 | MAE=0.5353 | 95% CI [0.6569, 0.7035]

=========================================================================================================
GNN BENCHMARK SUMMARY
=========================================================================================================
ChemProp (D-MPNN Fold)              | R2: 0.6802 | MAE: 0.5353 | 95% CI: [0.6569, 0.7035]

[3] Exporting artifacts...
[EXPORT] LaTeX variables saved to /home/andrey/Projects/__GITHUB__aavzpy2023/analysispaperKarimova2025/latex/gnn_variables.tex
[EXPORT] Comparison plot saved to /home/andrey/Projects/__GITHUB__aavzpy2023/analysispaperKarimova2025/figures/gnn_comparison.png
[EXPORT] Summary CSV saved to /home/andrey/Projects/__GITHUB__aavzpy2023/analysispaperKarimova2025/results/gnn_results.csv
[TIME] Total execution: 70m 51s
[DONE] 09_gnn_baseline.py complete.

=== END LOG: 09_gnn_baseline.py [EXIT CODE: 0] ===

[-] Reading GNN benchmark results from: /home/andrey/Projects/__GITHUB__aavzpy2023/analysispaperKarimova2025/results/gnn_results.csv
[+] Enhanced GNN benchmark figure saved at: /home/andrey/Projects/__GITHUB__aavzpy2023/analysispaperKarimova2025/figures/09_gnn_benchmark_comparison.png

=== END LOG: 09.1_build_figures.py [EXIT CODE: 0] ===

