[INFO] Active profile: workstation | N_JOBS=46 | Outer folds=5x5=25

####################################################################################################
# NESTED CV (5x5=25 Folds) — REPRESENTATION: morgan
####################################################################################################
[CHECKPOINT] 25/25 folds already completed for 'morgan', resuming...

####################################################################################################
# NESTED CV (5x5=25 Folds) — REPRESENTATION: rdkit2d
####################################################################################################
[CHECKPOINT] 25/25 folds already completed for 'rdkit2d', resuming...

####################################################################################################
# NESTED CV (5x5=25 Folds) — REPRESENTATION: rdkit2d_fp
####################################################################################################
[CHECKPOINT] 25/25 folds already completed for 'rdkit2d_fp', resuming...

####################################################################################################
# NESTED CV (5x5=25 Folds) — REPRESENTATION: rdkit2d3d_fp
####################################################################################################
    [INFO] Generating 3D conformers (ETKDGv3 + MMFF)...
[CHECKPOINT] 25/25 folds already completed for 'rdkit2d3d_fp', resuming...

====================================================================================================
RESULTS SUMMARY (Nested CV 5x5)
====================================================================================================

Table 1. R² by molecular representation:
        Mode     mean      std  count
      morgan 0.741654 0.049266     25
rdkit2d3d_fp 0.737067 0.061008     25
  rdkit2d_fp 0.730647 0.060876     25
     rdkit2d 0.679572 0.065837     25

Table 2. t-tests (Nadeau-Bengio Corrected) vs Original Publication:
        Mode Paper_reference_label  Paper_R2  Our_R2_mean  Our_R2_std    t_stat  p_value  Significant_p<0.05
      morgan         PaperBaseline      0.75     0.741654    0.048271 -0.314564 0.755811               False
      morgan         PaperSelected      0.82     0.741654    0.048271 -2.953028 0.006937                True
      morgan            PaperFinal      0.85     0.741654    0.048271 -4.083798 0.000426                True
     rdkit2d         PaperBaseline      0.75     0.679572    0.064507 -1.986426 0.058519               False
     rdkit2d         PaperSelected      0.82     0.679572    0.064507 -3.960789 0.000582                True
     rdkit2d            PaperFinal      0.85     0.679572    0.064507 -4.806945 0.000068                True
  rdkit2d_fp         PaperBaseline      0.75     0.730647    0.059646 -0.590337 0.560483               False
  rdkit2d_fp         PaperSelected      0.82     0.730647    0.059646 -2.725601 0.011793                True
  rdkit2d_fp            PaperFinal      0.85     0.730647    0.059646 -3.640714 0.001299                True
rdkit2d3d_fp         PaperBaseline      0.75     0.737067    0.059776 -0.393654 0.697312               False
rdkit2d3d_fp         PaperSelected      0.82     0.737067    0.059776 -2.524294 0.018618                True
rdkit2d3d_fp            PaperFinal      0.85     0.737067    0.059776 -3.437425 0.002150                True

Paired comparison (Nadeau-Bengio) between morgan and rdkit2d3d_fp:
  t = 0.308, p = 0.7605

[SUPPLEMENTARY CSV] Selection frequency exported to: /home/andrey/Projects/__GITHUB__aavzpy2023/analysispaperKarimova2025/results/architecture_selection_frequency.csv
[LATEX] Variables successfully exported to: /home/andrey/Projects/__GITHUB__aavzpy2023/analysispaperKarimova2025/latex/paper_variables.tex

=== END LOG: 01_nested_cv_stacking.py [EXIT CODE: 0] ===

All figures has been generated. Check the figures folder (./figures)...

=== END LOG: 01.1_build_figures.py [EXIT CODE: 0] ===


=== END LOG: 02_statistical_tests.py [EXIT CODE: 0] ===


=== END LOG: 03_y_randomization.py [EXIT CODE: 0] ===


=== END LOG: 04_augmentation_training.py [EXIT CODE: 0] ===

✅ Figure successfully saved to: /home/andrey/Projects/__GITHUB__aavzpy2023/analysispaperKarimova2025/figures/04_augment_r2_comparison.png

=== END LOG: 04.1_build_figures.py [EXIT CODE: 0] ===

====================================================================================================
VIRTUAL SCREENING PIPELINE — TgDHFR Inhibitor Search
Timestamp: 2026-09-20 12:31:56
====================================================================================================

[1/5] ML ARCHITECTURE LOADING
  [-] Model path: /home/andrey/Projects/__GITHUB__aavzpy2023/analysispaperKarimova2025/results/best_model.joblib
  [+] Ensembled model loaded successfully (0.12s)
  [-] Mask path: /home/andrey/Projects/__GITHUB__aavzpy2023/analysispaperKarimova2025/results/selected_features_mask.npy
  [+] Mask applied: 1894 / 2048 features (92.48% retention)

[2/5] APPLICABILITY DOMAIN CONFIGURATION (ISOLATION FOREST)
  [-] Training source: /home/andrey/Projects/__GITHUB__aavzpy2023/analysispaperKarimova2025/data/V2-df_ic50_chmbl_CID_myFill.csv
  [+] Training matrix generated: (756, 1894)
  [+] Isolation Forest fitted (Contamination: 5.0%) in 0.75s

[3/5] FDA LIBRARY PROCESSING
  [-] Screening source: /home/andrey/Projects/__GITHUB__aavzpy2023/analysispaperKarimova2025/data/PubChem_FDA-approved_NoInorganics.csv
  [+] Raw compounds imported: 3378
  [+] Physical/Structural Filtering (MW < 1000.0, Allowed Atoms): 2516 candidates retained (74.5%)
  [+] In-Domain Filtering (Isolation Forest): 1874 compounds retained (74.5%)
  [+] Total filtering time: 2.27s

[4/5] ML INFERENCE - BIOACTIVITY PREDICTION (pIC50)
  [+] Inferences completed in 2.093s
  [-] Prediction Statistics -> Mean: 5.7028 | Max: 7.5486 | Min: 3.6914

[5/5] PERFORMANCE REPORTS AND EXPORT

--------------------------------------------------------------------------------
REPORT A: Internal Validation vs Known TgDHFR Controls
--------------------------------------------------------------------------------
Drug               |   pIC50 Exp. |  pIC50 Pred. |  Abs Error | Status
--------------------------------------------------------------------------------
Pyrimethamine      |         6.56 |       6.3076 |     0.2524 | EXCELLENT
Trimethoprim       |         5.57 |       6.0546 |     0.4846 | EXCELLENT

----------------------------------------------------------------------------------------------------
REPORT B: Top 10 FDA Candidates (Sorted by Predicted Affinity)
----------------------------------------------------------------------------------------------------
Rank  Compound Name                    pIC50     LE     BEI    LLE    SEI
----------------------------------------------------------------------------------------------------
1     Methotrexate                    7.5486   0.31   16.61   7.28   3.59
2     CID 336805                      7.3406   0.25   13.03   7.89   2.90
3     Trimetrexate Glucuronate        7.3406   0.25   13.03   7.89   2.90
4     Pralatrexate                    7.1174   0.28   14.91   6.14   3.43
5     Folic Acid                      7.0877   0.30   16.06   7.13   3.32
6     Methylene Blue                  6.9563   0.45   21.75   7.45  36.34
7     Bendamustine Hydrochloride      6.8954   0.39   17.47   3.21  11.82
8     Chlorambucil                    6.8297   0.49   22.45   3.45  16.85
9     Ivabradine                      6.7996   0.27   14.51   3.49  11.24
10    Ivabradine Hydrochloride        6.7990   0.27   13.46   3.07  11.24

====================================================================================================
[SUCCESS] 19 candidates safely exported to:
        -> /home/andrey/Projects/__GITHUB__aavzpy2023/analysispaperKarimova2025/results/FDA_Candidates_For_Docking.csv
        Logs saved in: /home/andrey/Projects/__GITHUB__aavzpy2023/analysispaperKarimova2025/logs/05_virtual_screening.log
        Total execution time: 6.95s
====================================================================================================

=== END LOG: 05_virtual_screening.py [EXIT CODE: 0] ===

Generating plots...
[SUCCESS] Saved: /home/andrey/Projects/__GITHUB__aavzpy2023/analysispaperKarimova2025/figures/05_pIC50_candidates_comparison.png
[SUCCESS] Saved: /home/andrey/Projects/__GITHUB__aavzpy2023/analysispaperKarimova2025/figures/05_pIC50_vs_LE_scatter.png
[SUCCESS] Saved: /home/andrey/Projects/__GITHUB__aavzpy2023/analysispaperKarimova2025/figures/05_candidates_metrics_heatmap.png

=== END LOG: 05.1_build_figures.py [EXIT CODE: 0] ===

Computing Vina grid ... done.
WARNING: At low exhaustiveness, it may be impossible to utilize all CPUs.
Performing docking (random seed: -63735890) ... 
0%   10   20   30   40   50   60   70   80   90   100%
|----|----|----|----|----|----|----|----|----|----|
***************************************************
================================================================================
REDOCKING VALIDATION PIPELINE — Crystal Ligand Re-Docking
Timestamp: 2026-09-20 12:32:08
Receptor setup: Chain B (DHFR active site) of PDB 6AOG
================================================================================
Target Criterion: Centroid distance < 2.0 Å = Protocol Validated

[1/4] EXTRACTING CRYSTAL LIGAND (CP6)
  [+] Chain B extracted: 17 heavy atoms detected.
  [+] Centroid calculated (Active Site Center): [  3.689  39.992 -62.818]

  [NOTE] Active site center for chain B: [3.689, 39.992, -62.818]
  [NOTE] (Original script used average of both chains: [17.394, 68.757, -68.051])
  [NOTE] Re-running docking procedure with the corrected specific center.
  [+] Extraction completed in 0.00s

[2/4] LIGAND PREPARATION AND CONVERSION
  [+] Crystal ligand PDB successfully written to: crystal_ligand.pdb
  [+] Ligand successfully converted to crystal_ligand.pdbqt via RDKit + Meeko.
  [+] Preparation completed in 0.60s

[3/4] AUTODOCK VINA REDOCKING
  [-] Re-docking ligand 'CP6' into chain 'B'...
  [-] Grid Center: [3.689, 39.992, -62.818] | Box Size: 20.0Å | Exhaustiveness: 32
  [+] Docking completed in 6.56s
  [+] Best Pose Binding Affinity: -7.902 kcal/mol

[4/4] VALIDATION RESULT
--------------------------------------------------------------------------------
  [-] Crystal Reference Centroid : [  3.689  39.992 -62.818]
  [-] Docked Output Centroid     : [  3.875  40.036 -62.695]
  [>] Calculated Centroid Distance: 0.228 Å
--------------------------------------------------------------------------------
  [SUCCESS] ✓ PROTOCOL VALIDATED

  [DRAFT] SUGGESTED METHODS SENTENCE FOR MANUSCRIPT:
  "Docking protocol validation was performed by re-docking
  pyrimethamine (CP6, PDB: 6AOG, chain B)
  into the TgDHFR active site. The top-ranked pose reproduced
  the crystallographic binding mode with a centroid distance
  of 0.23 Å (threshold: 2.0 Å)."

  [IMPORTANT WARNING]: The corrected active site center
  for the DHFR site (chain B) is [3.689, 39.992, -62.818].
  Ensure you update this in your 3DOCKING.py script before the final screening run.

  [+] LaTeX variable definitions saved to: /home/andrey/Projects/__GITHUB__aavzpy2023/analysispaperKarimova2025/latex/redocking_variables.tex
================================================================================
[DONE] Redocking Validation Pipeline completed in 7.17s.
       Logs saved in: /home/andrey/Projects/__GITHUB__aavzpy2023/analysispaperKarimova2025/logs/06_redocking_validation.log
================================================================================

mode |   affinity | dist from best mode
     | (kcal/mol) | rmsd l.b.| rmsd u.b.
-----+------------+----------+----------
   1       -7.902          0          0

=== END LOG: 06_redocking_validation.py [EXIT CODE: 0] ===

Computing Vina grid ... done.
WARNING: At low exhaustiveness, it may be impossible to utilize all CPUs.
Performing docking (random seed: 553046938) ... 
0%   10   20   30   40   50   60   70   80   90   100%
|----|----|----|----|----|----|----|----|----|----|
***************************************************

mode |   affinity | dist from best mode
     | (kcal/mol) | rmsd l.b.| rmsd u.b.
-----+------------+----------+----------
   1       -8.687          0          0
   2       -8.472      3.961      7.868
   3       -8.441      3.825      7.864
WARNING: At low exhaustiveness, it may be impossible to utilize all CPUs.
Performing docking (random seed: 553046938) ... 
0%   10   20   30   40   50   60   70   80   90   100%
|----|----|----|----|----|----|----|----|----|----|
***************************************************

mode |   affinity | dist from best mode
     | (kcal/mol) | rmsd l.b.| rmsd u.b.
-----+------------+----------+----------
   1        -8.44          0          0
   2       -8.418     0.2715      2.466
   3       -8.204      2.572      4.319
WARNING: At low exhaustiveness, it may be impossible to utilize all CPUs.
Performing docking (random seed: 553046938) ... 
0%   10   20   30   40   50   60   70   80   90   100%
|----|----|----|----|----|----|----|----|----|----|
***************************************************

mode |   affinity | dist from best mode
     | (kcal/mol) | rmsd l.b.| rmsd u.b.
-----+------------+----------+----------
   1        -8.44          0          0
   2       -8.418     0.2715      2.466
   3       -8.204      2.572      4.319
WARNING: At low exhaustiveness, it may be impossible to utilize all CPUs.
Performing docking (random seed: 553046938) ... 
0%   10   20   30   40   50   60   70   80   90   100%
|----|----|----|----|----|----|----|----|----|----|
***************************************************

mode |   affinity | dist from best mode
     | (kcal/mol) | rmsd l.b.| rmsd u.b.
-----+------------+----------+----------
   1       -9.476          0          0
   2       -9.431      4.162      8.253
   3        -8.95      4.488      7.361
WARNING: At low exhaustiveness, it may be impossible to utilize all CPUs.
Performing docking (random seed: 553046938) ... 
0%   10   20   30   40   50   60   70   80   90   100%
|----|----|----|----|----|----|----|----|----|----|
***************************************************

mode |   affinity | dist from best mode
     | (kcal/mol) | rmsd l.b.| rmsd u.b.
-----+------------+----------+----------
   1       -8.654          0          0
   2       -8.461      2.743      9.061
   3       -8.448      2.863       9.02
WARNING: At low exhaustiveness, it may be impossible to utilize all CPUs.
Performing docking (random seed: 553046938) ... 
0%   10   20   30   40   50   60   70   80   90   100%
|----|----|----|----|----|----|----|----|----|----|
***************************************************

mode |   affinity | dist from best mode
     | (kcal/mol) | rmsd l.b.| rmsd u.b.
-----+------------+----------+----------
   1        -7.26          0          0
   2       -7.251      1.298      7.389
   3       -7.068       1.48      7.762
WARNING: At low exhaustiveness, it may be impossible to utilize all CPUs.
Performing docking (random seed: 553046938) ... 
0%   10   20   30   40   50   60   70   80   90   100%
|----|----|----|----|----|----|----|----|----|----|
***************************************************

mode |   affinity | dist from best mode
     | (kcal/mol) | rmsd l.b.| rmsd u.b.
-----+------------+----------+----------
   1       -6.804          0          0
   2       -6.773     0.6654      2.375
   3       -6.735      2.398      4.371
WARNING: At low exhaustiveness, it may be impossible to utilize all CPUs.
Performing docking (random seed: 553046938) ... 
0%   10   20   30   40   50   60   70   80   90   100%
|----|----|----|----|----|----|----|----|----|----|
***************************************************

mode |   affinity | dist from best mode
     | (kcal/mol) | rmsd l.b.| rmsd u.b.
-----+------------+----------+----------
   1       -6.442          0          0
   2       -6.191      6.621      8.405
   3       -6.042      6.526      8.483
WARNING: At low exhaustiveness, it may be impossible to utilize all CPUs.
Performing docking (random seed: 553046938) ... 
0%   10   20   30   40   50   60   70   80   90   100%
|----|----|----|----|----|----|----|----|----|----|
***************************************************

mode |   affinity | dist from best mode
     | (kcal/mol) | rmsd l.b.| rmsd u.b.
-----+------------+----------+----------
   1       -7.052          0          0
   2       -6.909      2.527      5.041
   3       -6.522      2.762      5.877
WARNING: At low exhaustiveness, it may be impossible to utilize all CPUs.
Performing docking (random seed: 553046938) ... 
0%   10   20   30   40   50   60   70   80   90   100%
|----|----|----|----|----|----|----|----|----|----|
***************************************************

mode |   affinity | dist from best mode
     | (kcal/mol) | rmsd l.b.| rmsd u.b.
-----+------------+----------+----------
   1       -7.052          0          0
   2       -6.909      2.527      5.041
   3       -6.522      2.762      5.877
WARNING: At low exhaustiveness, it may be impossible to utilize all CPUs.
Performing docking (random seed: 553046938) ... 
0%   10   20   30   40   50   60   70   80   90   100%
|----|----|----|----|----|----|----|----|----|----|
***************************************************

mode |   affinity | dist from best mode
     | (kcal/mol) | rmsd l.b.| rmsd u.b.
-----+------------+----------+----------
   1       -8.013          0          0
   2       -7.868      1.517      3.021
   3       -7.584      2.101      2.394
WARNING: At low exhaustiveness, it may be impossible to utilize all CPUs.
Performing docking (random seed: 553046938) ... 
0%   10   20   30   40   50   60   70   80   90   100%
|----|----|----|----|----|----|----|----|----|----|
***************************************************

mode |   affinity | dist from best mode
     | (kcal/mol) | rmsd l.b.| rmsd u.b.
-----+------------+----------+----------
   1       -7.337          0          0
   2       -7.066      1.862      2.293
   3       -6.959      4.001      6.284
WARNING: At low exhaustiveness, it may be impossible to utilize all CPUs.
Performing docking (random seed: 553046938) ... 
0%   10   20   30   40   50   60   70   80   90   100%
|----|----|----|----|----|----|----|----|----|----|
***************************************************

mode |   affinity | dist from best mode
     | (kcal/mol) | rmsd l.b.| rmsd u.b.
-----+------------+----------+----------
   1       -7.265          0          0
   2       -7.244     0.2279      2.805
   3       -6.898      3.848      5.232
WARNING: At low exhaustiveness, it may be impossible to utilize all CPUs.
Performing docking (random seed: 553046938) ... 
0%   10   20   30   40   50   60   70   80   90   100%
|----|----|----|----|----|----|----|----|----|----|
***************************************************

mode |   affinity | dist from best mode
     | (kcal/mol) | rmsd l.b.| rmsd u.b.
-----+------------+----------+----------
   1       -7.933          0          0
   2       -7.579      2.131      5.259
   3       -7.362      3.022      6.843
WARNING: At low exhaustiveness, it may be impossible to utilize all CPUs.
Performing docking (random seed: 553046938) ... 
0%   10   20   30   40   50   60   70   80   90   100%
|----|----|----|----|----|----|----|----|----|----|
***************************************************

mode |   affinity | dist from best mode
     | (kcal/mol) | rmsd l.b.| rmsd u.b.
-----+------------+----------+----------
   1       -7.265          0          0
   2       -7.244     0.2279      2.805
   3       -6.898      3.848      5.232
WARNING: At low exhaustiveness, it may be impossible to utilize all CPUs.
Performing docking (random seed: 553046938) ... 
0%   10   20   30   40   50   60   70   80   90   100%
|----|----|----|----|----|----|----|----|----|----|
***************************************************

mode |   affinity | dist from best mode
     | (kcal/mol) | rmsd l.b.| rmsd u.b.
-----+------------+----------+----------
   1       -7.265          0          0
   2       -7.244     0.2279      2.805
   3       -6.898      3.848      5.232
WARNING: At low exhaustiveness, it may be impossible to utilize all CPUs.
Performing docking (random seed: 553046938) ... 
0%   10   20   30   40   50   60   70   80   90   100%
|----|----|----|----|----|----|----|----|----|----|
***************************************************

mode |   affinity | dist from best mode
     | (kcal/mol) | rmsd l.b.| rmsd u.b.
-----+------------+----------+----------
   1       -7.265          0          0
   2       -7.244     0.2279      2.805
   3       -6.898      3.848      5.232
WARNING: At low exhaustiveness, it may be impossible to utilize all CPUs.
Performing docking (random seed: 553046938) ... 
0%   10   20   30   40   50   60   70   80   90   100%
|----|----|----|----|----|----|----|----|----|----|
***************************************************

mode |   affinity | dist from best mode
     | (kcal/mol) | rmsd l.b.| rmsd u.b.
-----+------------+----------+----------
   1       -7.585          0          0
   2       -7.555      2.805      5.002
   3       -7.268      2.689      4.226
WARNING: At low exhaustiveness, it may be impossible to utilize all CPUs.
Performing docking (random seed: 553046938) ... 
0%   10   20   30   40   50   60   70   80   90   100%
|----|----|----|----|----|----|----|----|----|----|
***************************************************
==========================================================================================
07_molecular_docking.py — Fully Agnostic Docking Pipeline
Receptor: /home/andrey/Projects/__GITHUB__aavzpy2023/analysispaperKarimova2025/receptor/receptor.pdbqt
Active site center: [3.689, 39.992, -62.818]
Box: 20.0A | Exhaustiveness: 32
Log file: /home/andrey/Projects/__GITHUB__aavzpy2023/analysispaperKarimova2025/logs/07_molecular_docking.log
==========================================================================================

[INFO] 19 candidates selected for docking

Compound                  |     LE | Dock (kcal/mol) | Time (s)
-----------------------------------------------------------------
Methotrexate              | -0.263 |           -8.69 |    32.32s
CID 336805                | -0.313 |           -8.44 |    12.53s
Trimetrexate Glucuronate  | -0.313 |           -8.44 |    12.97s
Pralatrexate              | -0.271 |           -9.48 |    45.68s
Folic Acid                | -0.270 |           -8.65 |    28.22s
Methylene Blue            | -0.363 |           -7.26 |     3.03s
Bendamustine Hydrochlori  | -0.296 |           -6.80 |    11.71s
Chlorambucil              | -0.339 |           -6.44 |     9.20s
Ivabradine                | -0.207 |           -7.05 |    67.16s
Ivabradine Hydrochloride  | -0.207 |           -7.05 |    68.46s
Triamterene               | -0.422 |           -8.01 |     4.49s
Pyrimethamine             | -0.432 |           -7.34 |     4.09s
Sulfamethoxazole; Trimet  | -0.346 |           -7.26 |     7.58s
Finerenone                | -0.283 |           -7.93 |    11.89s
Trimethoprim Hydrochlori  | -0.346 |           -7.26 |     7.56s
Trimethoprim              | -0.346 |           -7.26 |     7.47s
Trimethoprim sulfate      | -0.346 |           -7.26 |     7.45s
Etodolac                  | -0.361 |           -7.58 |     5.16s
Bisacodyl                 | -0.327 |           -8.84 |    11.28s

====================================================================================================
FINAL RESULTS ENRICHED — ML Prediction vs. Physics (AutoDock Vina)
====================================================================================================
Compound                  |  ML pIC50 |     Vina |      LE | Agreement
--------------------------------------------------------------------------------
Pralatrexate              |    7.1174 |    -9.48 |  -0.271 | VALIDATED (+)
Bisacodyl                 |    5.3266 |    -8.84 |  -0.327 | ML FALSE NEGATIVE
Methotrexate              |    7.5486 |    -8.69 |  -0.263 | VALIDATED (+)
Folic Acid                |    7.0877 |    -8.65 |  -0.270 | VALIDATED (+)
CID 336805                |    7.3406 |    -8.44 |  -0.313 | VALIDATED (+)
Trimetrexate Glucuronate  |    7.3406 |    -8.44 |  -0.313 | VALIDATED (+)
Triamterene               |    6.6185 |    -8.01 |  -0.422 | VALIDATED (+)
Finerenone                |    5.8299 |    -7.93 |  -0.283 | Neutral
Etodolac                  |    5.5323 |    -7.58 |  -0.361 | Neutral
Pyrimethamine             |    6.3076 |    -7.34 |  -0.432 | Neutral
Methylene Blue            |    6.9563 |    -7.26 |  -0.363 | ML FALSE POSITIVE
Sulfamethoxazole; Trimet  |    6.0546 |    -7.26 |  -0.346 | Neutral
Trimethoprim Hydrochlori  |    5.6594 |    -7.26 |  -0.346 | VALIDATED (-)
Trimethoprim              |    5.6539 |    -7.26 |  -0.346 | VALIDATED (-)
Trimethoprim sulfate      |    5.6108 |    -7.26 |  -0.346 | VALIDATED (-)
Ivabradine                |    6.7996 |    -7.05 |  -0.207 | ML FALSE POSITIVE
Ivabradine Hydrochloride  |    6.7990 |    -7.05 |  -0.207 | ML FALSE POSITIVE
Bendamustine Hydrochlori  |    6.8954 |    -6.80 |  -0.296 | ML FALSE POSITIVE
Chlorambucil              |    6.8297 |    -6.44 |  -0.339 | ML FALSE POSITIVE

[EXPORT] Enriched dataset saved to /home/andrey/Projects/__GITHUB__aavzpy2023/analysispaperKarimova2025/results/Final_Validation_Hybrid.csv

[LATEX] Attempting to write file to: /home/andrey/Projects/__GITHUB__aavzpy2023/analysispaperKarimova2025/latex/docking_variables.tex
[LATEX] SUCCESS! Variables exported to /home/andrey/Projects/__GITHUB__aavzpy2023/analysispaperKarimova2025/latex/docking_variables.tex
[DONE] 07_molecular_docking.py complete.

mode |   affinity | dist from best mode
     | (kcal/mol) | rmsd l.b.| rmsd u.b.
-----+------------+----------+----------
   1       -8.841          0          0
   2       -8.109      1.077      7.092
   3       -8.055       2.93      7.523

=== END LOG: 07_molecular_docking.py [EXIT CODE: 0] ===

Looks like you are using a tranform that doesn't support FancyArrowPatch, using ax.annotate instead. The arrows might strike through texts. Increasing shrinkA in arrowprops might help.
[-] Reading data from: /home/andrey/Projects/__GITHUB__aavzpy2023/analysispaperKarimova2025/results/Final_Validation_Hybrid.csv
[+] Enhanced figure saved successfully at: /home/andrey/Projects/__GITHUB__aavzpy2023/analysispaperKarimova2025/figures/07_docking_scatter.png

=== END LOG: 07.1_build_figures.py [EXIT CODE: 0] ===

==========================================================================================
08_admet_profiling.py — ADMET Profiling & Toxicity Risk Assessment
Log file: /home/andrey/Projects/__GITHUB__aavzpy2023/analysispaperKarimova2025/logs/08_admet_profiling.log
==========================================================================================
[1] Total initial candidates from docking: 19
[1] Evaluating Lipinski rule of five on 48 cores...
Found local copy...
Loading...
Done!
Found local copy...
Loading...
Done!
[1] Candidates passing Lipinski: 14

[2] Training hERG Cardiotoxicity Classifier (TDC Dataset: 655 samples)...

[3] Training Caco-2 Permeability Regressor (TDC Dataset: 910 samples)...

[EXPORT] Full analytical dataset (for plotting) saved to /home/andrey/Projects/__GITHUB__aavzpy2023/analysispaperKarimova2025/results/ADMET_CANDIDATES_For_Docking_FULL_PRE_FILTER.csv

[4] Flagged by hERG toxicity: 8 compounds

=========================================================================================================
ADMET PROFILING RESULTS SUMMARY
=========================================================================================================
Pralatrexate                 | hERG Prob: 0.312 | Caco-2:  -5.41 | Profile: Parenteral Candidate (Low Caco-2)
Methotrexate                 | hERG Prob: 0.400 | Caco-2:  -5.87 | Profile: Parenteral Candidate (Low Caco-2)
Pyrimethamine                | hERG Prob: 0.125 | Caco-2:  -4.42 | Profile: ADMET-Compliant (Oral)
Methylene Blue               | hERG Prob: 0.460 | Caco-2:  -4.61 | Profile: ADMET-Compliant (Oral)
Trimethoprim Hydrochloride   | hERG Prob: 0.140 | Caco-2:  -4.77 | Profile: ADMET-Compliant (Oral)
Trimethoprim                 | hERG Prob: 0.140 | Caco-2:  -4.77 | Profile: ADMET-Compliant (Oral)

[EXPORT] Safe candidates (6) saved to /home/andrey/Projects/__GITHUB__aavzpy2023/analysispaperKarimova2025/results/ADMET_CANDIDATES_For_Docking.csv
[TIME] Total execution: 0m 2s
[DONE] 08_admet_profiling.py complete.

=== END LOG: 08_admet_profiling.py [EXIT CODE: 0] ===

Looks like you are using a tranform that doesn't support FancyArrowPatch, using ax.annotate instead. The arrows might strike through texts. Increasing shrinkA in arrowprops might help.
[-] Reading full ADMET dataset from: /home/andrey/Projects/__GITHUB__aavzpy2023/analysispaperKarimova2025/results/ADMET_CANDIDATES_For_Docking_FULL_PRE_FILTER.csv
[+] ADMET figure saved successfully at: /home/andrey/Projects/__GITHUB__aavzpy2023/analysispaperKarimova2025/figures/08_admet_quadrants.png

=== END LOG: 08.1_build_figures.py [EXIT CODE: 0] ===

=========================================================================================================
09_gnn_baseline.py — Graph Neural Network (GNN) Benchmarking
Log file: /home/andrey/Projects/__GITHUB__aavzpy2023/analysispaperKarimova2025/logs/09_gnn_baseline.log
=========================================================================================================
[1] Loading dataset from /home/andrey/Projects/__GITHUB__aavzpy2023/analysispaperKarimova2025/data/V2-df_ic50_chmbl_CID_myFill.csv...
[1] Dataset loaded successfully: 756 compounds.

[2] Evaluating ChemProp (D-MPNN 5x5 CV)...

  [ChemProp] Starting 5x5 CV (N=756 compounds)...
  --> [2026-09-20 12:38:37] Training Fold 1/25...
GPU available: False, used: False
TPU available: False, using: 0 TPU cores
Loading `train_dataloader` to estimate number of stepping batches.
`Trainer.fit` stopped: `max_epochs=100` reached.
  --> [2026-09-20 12:41:11] Fold 1/25 OK | R2=0.6977 | MAE=0.5461 | 153.6s
  --> [2026-09-20 12:41:11] Training Fold 2/25...
GPU available: False, used: False
TPU available: False, using: 0 TPU cores
Loading `train_dataloader` to estimate number of stepping batches.
`Trainer.fit` stopped: `max_epochs=100` reached.
  --> [2026-09-20 12:44:12] Fold 2/25 OK | R2=0.6562 | MAE=0.5357 | 181.3s
  --> [2026-09-20 12:44:12] Training Fold 3/25...
GPU available: False, used: False
TPU available: False, using: 0 TPU cores
Loading `train_dataloader` to estimate number of stepping batches.
`Trainer.fit` stopped: `max_epochs=100` reached.
  --> [2026-09-20 12:47:04] Fold 3/25 OK | R2=0.6788 | MAE=0.5594 | 172.2s
  --> [2026-09-20 12:47:04] Training Fold 4/25...
GPU available: False, used: False
TPU available: False, using: 0 TPU cores
Loading `train_dataloader` to estimate number of stepping batches.
`Trainer.fit` stopped: `max_epochs=100` reached.
  --> [2026-09-20 12:50:00] Fold 4/25 OK | R2=0.7571 | MAE=0.4822 | 175.6s
  --> [2026-09-20 12:50:00] Training Fold 5/25...
GPU available: False, used: False
TPU available: False, using: 0 TPU cores
Loading `train_dataloader` to estimate number of stepping batches.
`Trainer.fit` stopped: `max_epochs=100` reached.
  --> [2026-09-20 12:52:53] Fold 5/25 OK | R2=0.6811 | MAE=0.4729 | 173.5s
  --> [2026-09-20 12:52:53] Training Fold 6/25...
GPU available: False, used: False
TPU available: False, using: 0 TPU cores
Loading `train_dataloader` to estimate number of stepping batches.
`Trainer.fit` stopped: `max_epochs=100` reached.
  --> [2026-09-20 12:55:47] Fold 6/25 OK | R2=0.7290 | MAE=0.5231 | 173.1s
  --> [2026-09-20 12:55:47] Training Fold 7/25...
GPU available: False, used: False
TPU available: False, using: 0 TPU cores
Loading `train_dataloader` to estimate number of stepping batches.
`Trainer.fit` stopped: `max_epochs=100` reached.
  --> [2026-09-20 12:58:38] Fold 7/25 OK | R2=0.7290 | MAE=0.5192 | 171.1s
  --> [2026-09-20 12:58:38] Training Fold 8/25...
GPU available: False, used: False
TPU available: False, using: 0 TPU cores
Loading `train_dataloader` to estimate number of stepping batches.
`Trainer.fit` stopped: `max_epochs=100` reached.
  --> [2026-09-20 13:01:26] Fold 8/25 OK | R2=0.6871 | MAE=0.5355 | 168.8s
  --> [2026-09-20 13:01:26] Training Fold 9/25...
GPU available: False, used: False
TPU available: False, using: 0 TPU cores
Loading `train_dataloader` to estimate number of stepping batches.
`Trainer.fit` stopped: `max_epochs=100` reached.
  --> [2026-09-20 13:04:18] Fold 9/25 OK | R2=0.7285 | MAE=0.4855 | 171.2s
  --> [2026-09-20 13:04:18] Training Fold 10/25...
GPU available: False, used: False
TPU available: False, using: 0 TPU cores
Loading `train_dataloader` to estimate number of stepping batches.
`Trainer.fit` stopped: `max_epochs=100` reached.
  --> [2026-09-20 13:07:07] Fold 10/25 OK | R2=0.6465 | MAE=0.5217 | 169.0s
  --> [2026-09-20 13:07:07] Training Fold 11/25...
GPU available: False, used: False
TPU available: False, using: 0 TPU cores
Loading `train_dataloader` to estimate number of stepping batches.
`Trainer.fit` stopped: `max_epochs=100` reached.
  --> [2026-09-20 13:09:57] Fold 11/25 OK | R2=0.6804 | MAE=0.5680 | 170.8s
  --> [2026-09-20 13:09:57] Training Fold 12/25...
GPU available: False, used: False
TPU available: False, using: 0 TPU cores
Loading `train_dataloader` to estimate number of stepping batches.
`Trainer.fit` stopped: `max_epochs=100` reached.
  --> [2026-09-20 13:12:50] Fold 12/25 OK | R2=0.7639 | MAE=0.4988 | 172.8s
  --> [2026-09-20 13:12:50] Training Fold 13/25...
GPU available: False, used: False
TPU available: False, using: 0 TPU cores
Loading `train_dataloader` to estimate number of stepping batches.
`Trainer.fit` stopped: `max_epochs=100` reached.
  --> [2026-09-20 13:15:41] Fold 13/25 OK | R2=0.6047 | MAE=0.5215 | 171.2s
  --> [2026-09-20 13:15:41] Training Fold 14/25...
GPU available: False, used: False
TPU available: False, using: 0 TPU cores
Loading `train_dataloader` to estimate number of stepping batches.
`Trainer.fit` stopped: `max_epochs=100` reached.
  --> [2026-09-20 13:18:33] Fold 14/25 OK | R2=0.7402 | MAE=0.4758 | 171.2s
  --> [2026-09-20 13:18:33] Training Fold 15/25...
GPU available: False, used: False
TPU available: False, using: 0 TPU cores
Loading `train_dataloader` to estimate number of stepping batches.
`Trainer.fit` stopped: `max_epochs=100` reached.
  --> [2026-09-20 13:21:25] Fold 15/25 OK | R2=0.6796 | MAE=0.5526 | 172.6s
  --> [2026-09-20 13:21:25] Training Fold 16/25...
GPU available: False, used: False
TPU available: False, using: 0 TPU cores
Loading `train_dataloader` to estimate number of stepping batches.
`Trainer.fit` stopped: `max_epochs=100` reached.
  --> [2026-09-20 13:24:16] Fold 16/25 OK | R2=0.6967 | MAE=0.5165 | 171.0s
  --> [2026-09-20 13:24:16] Training Fold 17/25...
GPU available: False, used: False
TPU available: False, using: 0 TPU cores
Loading `train_dataloader` to estimate number of stepping batches.
`Trainer.fit` stopped: `max_epochs=100` reached.
  --> [2026-09-20 13:27:12] Fold 17/25 OK | R2=0.7382 | MAE=0.5028 | 175.3s
  --> [2026-09-20 13:27:12] Training Fold 18/25...
GPU available: False, used: False
TPU available: False, using: 0 TPU cores
Loading `train_dataloader` to estimate number of stepping batches.
`Trainer.fit` stopped: `max_epochs=100` reached.
  --> [2026-09-20 13:30:01] Fold 18/25 OK | R2=0.6844 | MAE=0.4923 | 169.7s
  --> [2026-09-20 13:30:01] Training Fold 19/25...
GPU available: False, used: False
TPU available: False, using: 0 TPU cores
Loading `train_dataloader` to estimate number of stepping batches.
`Trainer.fit` stopped: `max_epochs=100` reached.
  --> [2026-09-20 13:32:52] Fold 19/25 OK | R2=0.6419 | MAE=0.6009 | 171.1s
  --> [2026-09-20 13:32:52] Training Fold 20/25...
GPU available: False, used: False
TPU available: False, using: 0 TPU cores
Loading `train_dataloader` to estimate number of stepping batches.
`Trainer.fit` stopped: `max_epochs=100` reached.
  --> [2026-09-20 13:35:45] Fold 20/25 OK | R2=0.6476 | MAE=0.5405 | 172.9s
  --> [2026-09-20 13:35:45] Training Fold 21/25...
GPU available: False, used: False
TPU available: False, using: 0 TPU cores
Loading `train_dataloader` to estimate number of stepping batches.
`Trainer.fit` stopped: `max_epochs=100` reached.
  --> [2026-09-20 13:38:33] Fold 21/25 OK | R2=0.5282 | MAE=0.6441 | 167.6s
  --> [2026-09-20 13:38:33] Training Fold 22/25...
GPU available: False, used: False
TPU available: False, using: 0 TPU cores
Loading `train_dataloader` to estimate number of stepping batches.
`Trainer.fit` stopped: `max_epochs=100` reached.
  --> [2026-09-20 13:41:21] Fold 22/25 OK | R2=0.7072 | MAE=0.4993 | 168.3s
  --> [2026-09-20 13:41:21] Training Fold 23/25...
GPU available: False, used: False
TPU available: False, using: 0 TPU cores
Loading `train_dataloader` to estimate number of stepping batches.
`Trainer.fit` stopped: `max_epochs=100` reached.
  --> [2026-09-20 13:44:12] Fold 23/25 OK | R2=0.6385 | MAE=0.5666 | 170.4s
  --> [2026-09-20 13:44:12] Training Fold 24/25...
GPU available: False, used: False
TPU available: False, using: 0 TPU cores
Loading `train_dataloader` to estimate number of stepping batches.
`Trainer.fit` stopped: `max_epochs=100` reached.
  --> [2026-09-20 13:47:03] Fold 24/25 OK | R2=0.7381 | MAE=0.5326 | 171.2s
  --> [2026-09-20 13:47:03] Training Fold 25/25...
GPU available: False, used: False
TPU available: False, using: 0 TPU cores
Loading `train_dataloader` to estimate number of stepping batches.
`Trainer.fit` stopped: `max_epochs=100` reached.
  --> [2026-09-20 13:49:58] Fold 25/25 OK | R2=0.7846 | MAE=0.4751 | 175.0s

  [ChemProp] 5x5 CV Completed.
  [ChemProp Result] R2=0.6906 ± 0.0547 | MAE=0.5267 | 95% CI [0.6692, 0.7120]

[3] Evaluating AttentiveFP (Single Split)...
  [AttentiveFP] Could not initialize DGL (Cannot find DGL C++ graphbolt library at /home/andrey/anaconda3/envs/fda_pipeline_env/lib/python3.11/site-packages/dgl/graphbolt/libgraphbolt_pytorch_2.5.1.so), skipping.

=========================================================================================================
GNN BENCHMARK SUMMARY
=========================================================================================================
ChemProp (D-MPNN Fold)              | R2: 0.6906 | MAE: 0.5267 | 95% CI: [0.6692, 0.7120]

[4] Exporting artifacts...
[EXPORT] LaTeX variables saved to /home/andrey/Projects/__GITHUB__aavzpy2023/analysispaperKarimova2025/latex/gnn_variables.tex
[EXPORT] Comparison plot saved to /home/andrey/Projects/__GITHUB__aavzpy2023/analysispaperKarimova2025/figures/gnn_comparison.png
[EXPORT] Summary CSV saved to /home/andrey/Projects/__GITHUB__aavzpy2023/analysispaperKarimova2025/results/gnn_results.csv
[TIME] Total execution: 71m 29s
[DONE] 09_gnn_baseline.py complete.

=== END LOG: 09_gnn_baseline.py [EXIT CODE: 0] ===

[-] Reading GNN benchmark results from: /home/andrey/Projects/__GITHUB__aavzpy2023/analysispaperKarimova2025/results/gnn_results.csv
[+] Enhanced GNN benchmark figure saved at: /home/andrey/Projects/__GITHUB__aavzpy2023/analysispaperKarimova2025/figures/09_gnn_benchmark_comparison.png

=== END LOG: 09.1_build_figures.py [EXIT CODE: 0] ===

