[INFO] Active profile: workstation | N_JOBS=46 | Outer folds=5x5=25

####################################################################################################
# NESTED CV (5x5=25 Folds) — REPRESENTATION: morgan
####################################################################################################
[morgan] Fold 1/25 -> Best: LGBM+XGB+SVM    | R2_outer: 0.8016 | MAE: 0.4803 (511.5s)
[morgan] Fold 2/25 -> Best: XGB+SVM         | R2_outer: 0.6810 | MAE: 0.4978 (488.2s)
[morgan] Fold 3/25 -> Best: RF+SVM          | R2_outer: 0.6658 | MAE: 0.5683 (535.4s)
[morgan] Fold 4/25 -> Best: RF+XGB+SVM      | R2_outer: 0.8006 | MAE: 0.4401 (540.7s)
[morgan] Fold 5/25 -> Best: LGBM+SVM        | R2_outer: 0.7196 | MAE: 0.4463 (499.4s)
[morgan] Fold 6/25 -> Best: XGB+SVM+kNN     | R2_outer: 0.7820 | MAE: 0.4657 (504.3s)
[morgan] Fold 7/25 -> Best: RF+LGBM+SVM     | R2_outer: 0.7831 | MAE: 0.4772 (533.8s)
[morgan] Fold 8/25 -> Best: SVM             | R2_outer: 0.7384 | MAE: 0.5075 (494.0s)
[morgan] Fold 9/25 -> Best: XGB+SVM+kNN     | R2_outer: 0.7675 | MAE: 0.4528 (540.1s)
[morgan] Fold 10/25 -> Best: SVM             | R2_outer: 0.6289 | MAE: 0.5355 (513.0s)
[morgan] Fold 11/25 -> Best: RF+SVM+kNN      | R2_outer: 0.7397 | MAE: 0.5221 (549.0s)
[morgan] Fold 12/25 -> Best: RF+XGB+SVM      | R2_outer: 0.7906 | MAE: 0.4390 (538.2s)
[morgan] Fold 13/25 -> Best: RF+ET+SVM       | R2_outer: 0.7450 | MAE: 0.4508 (600.9s)
[morgan] Fold 14/25 -> Best: LGBM+XGB+SVM    | R2_outer: 0.7730 | MAE: 0.4314 (514.7s)
[morgan] Fold 15/25 -> Best: RF+SVM+kNN      | R2_outer: 0.6935 | MAE: 0.5308 (529.6s)
[morgan] Fold 16/25 -> Best: ET+XGB+SVM      | R2_outer: 0.7833 | MAE: 0.4517 (547.5s)
[morgan] Fold 17/25 -> Best: XGB+SVM         | R2_outer: 0.7817 | MAE: 0.4721 (520.1s)
[morgan] Fold 18/25 -> Best: ET+LGBM+SVM     | R2_outer: 0.7443 | MAE: 0.4640 (570.9s)
[morgan] Fold 19/25 -> Best: LGBM+XGB+SVM    | R2_outer: 0.7485 | MAE: 0.4937 (516.3s)
[morgan] Fold 20/25 -> Best: RF+XGB+SVM      | R2_outer: 0.6916 | MAE: 0.5144 (571.9s)
[morgan] Fold 21/25 -> Best: RF+SVM          | R2_outer: 0.6618 | MAE: 0.5461 (524.2s)
[morgan] Fold 22/25 -> Best: XGB+SVM+kNN     | R2_outer: 0.7796 | MAE: 0.4436 (507.6s)
[morgan] Fold 23/25 -> Best: ET+LGBM+SVM     | R2_outer: 0.6890 | MAE: 0.4987 (615.7s)
[morgan] Fold 24/25 -> Best: SVM             | R2_outer: 0.7745 | MAE: 0.4961 (504.6s)
[morgan] Fold 25/25 -> Best: RF+SVM          | R2_outer: 0.7770 | MAE: 0.4762 (561.8s)

####################################################################################################
# NESTED CV (5x5=25 Folds) — REPRESENTATION: rdkit2d
####################################################################################################
[rdkit2d] Fold 1/25 -> Best: RF+ET+SVM       | R2_outer: 0.7276 | MAE: 0.5273 (378.2s)
[rdkit2d] Fold 2/25 -> Best: RF+ET+SVM       | R2_outer: 0.6328 | MAE: 0.5170 (366.2s)
[rdkit2d] Fold 3/25 -> Best: ET+LGBM+SVM     | R2_outer: 0.7051 | MAE: 0.5229 (348.6s)
[rdkit2d] Fold 4/25 -> Best: ET+LGBM+SVM     | R2_outer: 0.7499 | MAE: 0.5016 (355.6s)
[rdkit2d] Fold 5/25 -> Best: RF+ET+SVM       | R2_outer: 0.6225 | MAE: 0.5169 (370.2s)
[rdkit2d] Fold 6/25 -> Best: RF+ET           | R2_outer: 0.7421 | MAE: 0.5092 (383.3s)
[rdkit2d] Fold 7/25 -> Best: RF+ET+SVM       | R2_outer: 0.6982 | MAE: 0.5308 (387.6s)
[rdkit2d] Fold 8/25 -> Best: RF+ET+SVM       | R2_outer: 0.6735 | MAE: 0.5449 (377.1s)
[rdkit2d] Fold 9/25 -> Best: RF+ET           | R2_outer: 0.7526 | MAE: 0.4481 (376.5s)
[rdkit2d] Fold 10/25 -> Best: RF+LGBM+XGB     | R2_outer: 0.5020 | MAE: 0.6096 (378.0s)
[rdkit2d] Fold 11/25 -> Best: ET+LGBM+SVM     | R2_outer: 0.6879 | MAE: 0.5503 (341.4s)
[rdkit2d] Fold 12/25 -> Best: RF+LGBM+SVM     | R2_outer: 0.7515 | MAE: 0.4960 (370.6s)
[rdkit2d] Fold 13/25 -> Best: RF+ET+SVM       | R2_outer: 0.6469 | MAE: 0.5155 (393.4s)
[rdkit2d] Fold 14/25 -> Best: ET+LGBM+SVM     | R2_outer: 0.6933 | MAE: 0.4924 (343.7s)
[rdkit2d] Fold 15/25 -> Best: RF+LGBM+SVM     | R2_outer: 0.6282 | MAE: 0.6073 (368.6s)
[rdkit2d] Fold 16/25 -> Best: RF+ET+SVM       | R2_outer: 0.7623 | MAE: 0.4645 (379.1s)
[rdkit2d] Fold 17/25 -> Best: ET+LGBM+XGB     | R2_outer: 0.6896 | MAE: 0.5253 (355.1s)
[rdkit2d] Fold 18/25 -> Best: RF+ET+SVM       | R2_outer: 0.6692 | MAE: 0.5097 (388.5s)
[rdkit2d] Fold 19/25 -> Best: ET+LGBM+kNN     | R2_outer: 0.6731 | MAE: 0.5729 (347.6s)
[rdkit2d] Fold 20/25 -> Best: RF+ET+SVM       | R2_outer: 0.6660 | MAE: 0.5409 (380.2s)
[rdkit2d] Fold 21/25 -> Best: ET              | R2_outer: 0.5515 | MAE: 0.6288 (340.7s)
[rdkit2d] Fold 22/25 -> Best: ET+LGBM+SVM     | R2_outer: 0.7311 | MAE: 0.4736 (344.1s)
[rdkit2d] Fold 23/25 -> Best: ET+LGBM+SVM     | R2_outer: 0.5989 | MAE: 0.5767 (347.8s)
[rdkit2d] Fold 24/25 -> Best: ET+LGBM+SVM     | R2_outer: 0.6677 | MAE: 0.5774 (358.3s)
[rdkit2d] Fold 25/25 -> Best: RF+ET+LGBM      | R2_outer: 0.7657 | MAE: 0.4894 (374.9s)

####################################################################################################
# NESTED CV (5x5=25 Folds) — REPRESENTATION: rdkit2d_fp
####################################################################################################
[rdkit2d_fp] Fold 1/25 -> Best: RF+ET+SVM       | R2_outer: 0.7833 | MAE: 0.4853 (813.1s)
[rdkit2d_fp] Fold 2/25 -> Best: ET+SVM+kNN      | R2_outer: 0.6695 | MAE: 0.5027 (741.1s)
[rdkit2d_fp] Fold 3/25 -> Best: ET+LGBM+kNN     | R2_outer: 0.7257 | MAE: 0.5319 (760.4s)
[rdkit2d_fp] Fold 4/25 -> Best: ET+LGBM+SVM     | R2_outer: 0.7928 | MAE: 0.4501 (733.8s)
[rdkit2d_fp] Fold 5/25 -> Best: RF+XGB+SVM      | R2_outer: 0.6800 | MAE: 0.4646 (762.4s)
[rdkit2d_fp] Fold 6/25 -> Best: ET+LGBM+SVM     | R2_outer: 0.7840 | MAE: 0.4702 (755.5s)
[rdkit2d_fp] Fold 7/25 -> Best: RF+ET+kNN       | R2_outer: 0.7732 | MAE: 0.4804 (762.2s)
[rdkit2d_fp] Fold 8/25 -> Best: ET+SVM          | R2_outer: 0.7616 | MAE: 0.4828 (722.7s)
[rdkit2d_fp] Fold 9/25 -> Best: ET+LGBM         | R2_outer: 0.7731 | MAE: 0.4165 (733.0s)
[rdkit2d_fp] Fold 10/25 -> Best: ET+LGBM         | R2_outer: 0.5555 | MAE: 0.5605 (718.3s)
[rdkit2d_fp] Fold 11/25 -> Best: ET+LGBM+kNN     | R2_outer: 0.7430 | MAE: 0.5189 (807.2s)
[rdkit2d_fp] Fold 12/25 -> Best: ET+SVM+kNN      | R2_outer: 0.7737 | MAE: 0.4655 (718.8s)
[rdkit2d_fp] Fold 13/25 -> Best: ET+SVM          | R2_outer: 0.7446 | MAE: 0.4363 (765.4s)
[rdkit2d_fp] Fold 14/25 -> Best: ET+LGBM+SVM     | R2_outer: 0.7490 | MAE: 0.4572 (789.9s)
[rdkit2d_fp] Fold 15/25 -> Best: ET+LGBM+XGB     | R2_outer: 0.6707 | MAE: 0.5610 (755.3s)
[rdkit2d_fp] Fold 16/25 -> Best: ET              | R2_outer: 0.7978 | MAE: 0.4253 (739.3s)
[rdkit2d_fp] Fold 17/25 -> Best: ET+LGBM+SVM     | R2_outer: 0.7898 | MAE: 0.4525 (752.1s)
[rdkit2d_fp] Fold 18/25 -> Best: ET+XGB+kNN      | R2_outer: 0.7295 | MAE: 0.4704 (793.0s)
[rdkit2d_fp] Fold 19/25 -> Best: ET+LGBM+kNN     | R2_outer: 0.7332 | MAE: 0.5096 (778.6s)
[rdkit2d_fp] Fold 20/25 -> Best: RF+ET+SVM       | R2_outer: 0.6761 | MAE: 0.5294 (795.1s)
[rdkit2d_fp] Fold 21/25 -> Best: ET+LGBM+SVM     | R2_outer: 0.6311 | MAE: 0.5881 (735.1s)
[rdkit2d_fp] Fold 22/25 -> Best: ET+XGB+SVM      | R2_outer: 0.7394 | MAE: 0.4935 (768.8s)
[rdkit2d_fp] Fold 23/25 -> Best: ET+LGBM+kNN     | R2_outer: 0.6469 | MAE: 0.5371 (754.0s)
[rdkit2d_fp] Fold 24/25 -> Best: ET+SVM+kNN      | R2_outer: 0.7563 | MAE: 0.5146 (768.8s)
[rdkit2d_fp] Fold 25/25 -> Best: RF+ET+SVM       | R2_outer: 0.7865 | MAE: 0.4486 (857.2s)

####################################################################################################
# NESTED CV (5x5=25 Folds) — REPRESENTATION: rdkit2d3d_fp
####################################################################################################
    [INFO] Generating 3D conformers (ETKDGv3 + MMFF)...
[rdkit2d3d_fp] Fold 1/25 -> Best: ET+LGBM+SVM     | R2_outer: 0.7865 | MAE: 0.4847 (798.2s)
[rdkit2d3d_fp] Fold 2/25 -> Best: ET+LGBM+SVM     | R2_outer: 0.7043 | MAE: 0.4816 (814.4s)
[rdkit2d3d_fp] Fold 3/25 -> Best: ET+LGBM+kNN     | R2_outer: 0.7390 | MAE: 0.5155 (808.9s)
[rdkit2d3d_fp] Fold 4/25 -> Best: ET+LGBM         | R2_outer: 0.8022 | MAE: 0.4325 (861.2s)
[rdkit2d3d_fp] Fold 5/25 -> Best: ET+LGBM+SVM     | R2_outer: 0.7018 | MAE: 0.4514 (804.8s)
[rdkit2d3d_fp] Fold 6/25 -> Best: ET+LGBM+SVM     | R2_outer: 0.7847 | MAE: 0.4716 (808.6s)
[rdkit2d3d_fp] Fold 7/25 -> Best: ET+LGBM+kNN     | R2_outer: 0.7880 | MAE: 0.4585 (776.1s)
[rdkit2d3d_fp] Fold 8/25 -> Best: ET+SVM          | R2_outer: 0.7595 | MAE: 0.4869 (744.4s)
[rdkit2d3d_fp] Fold 9/25 -> Best: ET+LGBM         | R2_outer: 0.7807 | MAE: 0.4067 (857.3s)
[rdkit2d3d_fp] Fold 10/25 -> Best: ET+LGBM         | R2_outer: 0.5487 | MAE: 0.5685 (774.2s)
[rdkit2d3d_fp] Fold 11/25 -> Best: ET+LGBM+kNN     | R2_outer: 0.7411 | MAE: 0.5202 (790.7s)
[rdkit2d3d_fp] Fold 12/25 -> Best: ET+LGBM+SVM     | R2_outer: 0.7915 | MAE: 0.4499 (786.3s)
[rdkit2d3d_fp] Fold 13/25 -> Best: ET+SVM+kNN      | R2_outer: 0.7295 | MAE: 0.4454 (785.0s)
[rdkit2d3d_fp] Fold 14/25 -> Best: ET+LGBM+SVM     | R2_outer: 0.7619 | MAE: 0.4486 (804.0s)
[rdkit2d3d_fp] Fold 15/25 -> Best: ET+LGBM         | R2_outer: 0.6619 | MAE: 0.5620 (775.0s)
[rdkit2d3d_fp] Fold 16/25 -> Best: ET              | R2_outer: 0.8025 | MAE: 0.4164 (711.5s)
[rdkit2d3d_fp] Fold 17/25 -> Best: ET+LGBM+SVM     | R2_outer: 0.7916 | MAE: 0.4540 (807.3s)
[rdkit2d3d_fp] Fold 18/25 -> Best: ET+LGBM+kNN     | R2_outer: 0.7300 | MAE: 0.4808 (793.2s)
[rdkit2d3d_fp] Fold 19/25 -> Best: ET+LGBM+kNN     | R2_outer: 0.7432 | MAE: 0.5008 (784.8s)
[rdkit2d3d_fp] Fold 20/25 -> Best: ET+LGBM+SVM     | R2_outer: 0.6854 | MAE: 0.5171 (804.8s)
[rdkit2d3d_fp] Fold 21/25 -> Best: ET+LGBM+SVM     | R2_outer: 0.6449 | MAE: 0.5756 (755.1s)
[rdkit2d3d_fp] Fold 22/25 -> Best: ET+LGBM+SVM     | R2_outer: 0.7445 | MAE: 0.4842 (808.0s)
[rdkit2d3d_fp] Fold 23/25 -> Best: ET+LGBM+SVM     | R2_outer: 0.6573 | MAE: 0.5172 (845.4s)
[rdkit2d3d_fp] Fold 24/25 -> Best: ET+LGBM+SVM     | R2_outer: 0.7532 | MAE: 0.4999 (806.2s)
[rdkit2d3d_fp] Fold 25/25 -> Best: RF+ET+kNN       | R2_outer: 0.7927 | MAE: 0.4392 (871.0s)

====================================================================================================
RESULTS SUMMARY (Nested CV 5x5)
====================================================================================================

Table 1. R² by molecular representation:
        Mode     mean      std  count
      morgan 0.741654 0.049266     25
rdkit2d3d_fp 0.737067 0.061008     25
  rdkit2d_fp 0.730647 0.060876     25
     rdkit2d 0.679572 0.065837     25

Table 2. t-tests (Nadeau-Bengio Corrected) vs Original Publication:
        Mode Paper_reference_label  Paper_R2  Our_R2_mean  Our_R2_std    t_stat  p_value  Significant_p<0.05
      morgan         PaperBaseline      0.75     0.741654    0.048271 -0.314564 0.755811               False
      morgan         PaperSelected      0.82     0.741654    0.048271 -2.953028 0.006937                True
      morgan            PaperFinal      0.85     0.741654    0.048271 -4.083798 0.000426                True
     rdkit2d         PaperBaseline      0.75     0.679572    0.064507 -1.986426 0.058519               False
     rdkit2d         PaperSelected      0.82     0.679572    0.064507 -3.960789 0.000582                True
     rdkit2d            PaperFinal      0.85     0.679572    0.064507 -4.806945 0.000068                True
  rdkit2d_fp         PaperBaseline      0.75     0.730647    0.059646 -0.590337 0.560483               False
  rdkit2d_fp         PaperSelected      0.82     0.730647    0.059646 -2.725601 0.011793                True
  rdkit2d_fp            PaperFinal      0.85     0.730647    0.059646 -3.640714 0.001299                True
rdkit2d3d_fp         PaperBaseline      0.75     0.737067    0.059776 -0.393654 0.697312               False
rdkit2d3d_fp         PaperSelected      0.82     0.737067    0.059776 -2.524294 0.018618                True
rdkit2d3d_fp            PaperFinal      0.85     0.737067    0.059776 -3.437425 0.002150                True

Paired comparison (Nadeau-Bengio) between morgan and rdkit2d3d_fp:
  t = 0.308, p = 0.7605

[SUPPLEMENTARY CSV] Selection frequency exported to: /home/andrey/Projects/__GITHUB__aavzpy2023/analysispaperKarimova2025/results/architecture_selection_frequency.csv
[LATEX] Variables successfully exported to: /home/andrey/Projects/__GITHUB__aavzpy2023/analysispaperKarimova2025/latex/paper_variables.tex
[FIGURE] Saved /home/andrey/Projects/__GITHUB__aavzpy2023/analysispaperKarimova2025/figures/r2_by_representation_boxplot.png

=== END LOG: 01_nested_cv_stacking.py [EXIT CODE: 0] ===


=== END LOG: 02_statistical_tests.py [EXIT CODE: 0] ===


=== END LOG: 03_y_randomization.py [EXIT CODE: 0] ===


=== END LOG: 04_augmentation_training.py [EXIT CODE: 0] ===

====================================================================================================
VIRTUAL SCREENING PIPELINE — TgDHFR Inhibitor Search
Timestamp: 2026-09-19 10:24:20
====================================================================================================

[1/5] ML ARCHITECTURE LOADING
  [-] Model path: /home/andrey/Projects/__GITHUB__aavzpy2023/analysispaperKarimova2025/results/best_model.joblib
  [+] Ensembled model loaded successfully (0.17s)
  [-] Mask path: /home/andrey/Projects/__GITHUB__aavzpy2023/analysispaperKarimova2025/results/selected_features_mask.npy
  [+] Mask applied: 1385 / 2048 features (67.63% retention)

[2/5] APPLICABILITY DOMAIN CONFIGURATION (ISOLATION FOREST)
  [-] Training source: /home/andrey/Projects/__GITHUB__aavzpy2023/analysispaperKarimova2025/data/V2-df_ic50_chmbl_CID_myFill.csv
  [+] Training matrix generated: (756, 1385)
  [+] Isolation Forest fitted (Contamination: 5.0%) in 0.84s

[3/5] FDA LIBRARY PROCESSING
  [-] Screening source: /home/andrey/Projects/__GITHUB__aavzpy2023/analysispaperKarimova2025/data/PubChem_FDA-approved_NoInorganics.csv
  [+] Raw compounds imported: 3378
  [+] Physical/Structural Filtering (MW < 1000.0, Allowed Atoms): 2516 candidates retained (74.5%)
  [+] In-Domain Filtering (Isolation Forest): 1832 compounds retained (72.8%)
  [+] Total filtering time: 2.57s

[4/5] ML INFERENCE - BIOACTIVITY PREDICTION (pIC50)
  [+] Inferences completed in 1.632s
  [-] Prediction Statistics -> Mean: 5.6719 | Max: 7.5544 | Min: 3.6924

[5/5] PERFORMANCE REPORTS AND EXPORT

--------------------------------------------------------------------------------
REPORT A: Internal Validation vs Known TgDHFR Controls
--------------------------------------------------------------------------------
Drug               |   pIC50 Exp. |  pIC50 Pred. |  Abs Error | Status
--------------------------------------------------------------------------------
Pyrimethamine      |         6.56 |       6.3226 |     0.2374 | EXCELLENT
Trimethoprim       |         5.57 |       6.0387 |     0.4687 | EXCELLENT

----------------------------------------------------------------------------------------------------
REPORT B: Top 10 FDA Candidates (Sorted by Predicted Affinity)
----------------------------------------------------------------------------------------------------
Rank  Compound Name                    pIC50     LE     BEI    LLE    SEI
----------------------------------------------------------------------------------------------------
1     Methotrexate                    7.5544   0.31   16.62   7.29   3.59
2     CID 336805                      7.3423   0.25   13.03   7.89   2.90
3     Trimetrexate Glucuronate        7.3423   0.25   13.03   7.89   2.90
4     Pralatrexate                    7.1677   0.28   15.01   6.19   3.46
5     Folic Acid                      7.1157   0.30   16.12   7.16   3.34
6     Neratinib Maleate               6.9965   0.20   10.39   1.35   3.74
7     Bendamustine Hydrochloride      6.9342   0.40   17.57   3.25  11.88
8     Methylene Blue                  6.9144   0.45   21.62   7.41  36.13
9     Fentanyl Citrate                6.8628   0.25   12.98   3.97   4.41
10    Trifarotene                     6.8399   0.28   14.88   0.85   9.77

====================================================================================================
[SUCCESS] 19 candidates safely exported to:
        -> /home/andrey/Projects/__GITHUB__aavzpy2023/analysispaperKarimova2025/results/FDA_Candidates_For_Docking.csv
        Logs saved in: /home/andrey/Projects/__GITHUB__aavzpy2023/analysispaperKarimova2025/logs/05_virtual_screening.log
        Total execution time: 7.25s
====================================================================================================

=== END LOG: 05_virtual_screening.py [EXIT CODE: 0] ===

Computing Vina grid ... done.
WARNING: At low exhaustiveness, it may be impossible to utilize all CPUs.
Performing docking (random seed: -625907226) ... 
0%   10   20   30   40   50   60   70   80   90   100%
|----|----|----|----|----|----|----|----|----|----|
***************************************************
================================================================================
REDOCKING VALIDATION PIPELINE — Crystal Ligand Re-Docking
Timestamp: 2026-09-19 10:24:28
Receptor setup: Chain B (DHFR active site) of PDB 6AOG
================================================================================
Target Criterion: Centroid distance < 2.0 Å = Protocol Validated

[1/4] EXTRACTING CRYSTAL LIGAND (CP6)
  [+] Chain B extracted: 17 heavy atoms detected.
  [+] Centroid calculated (Active Site Center): [  3.689  39.992 -62.818]

  [NOTE] Active site center for chain B: [3.689, 39.992, -62.818]
  [NOTE] (Original script used average of both chains: [17.394, 68.757, -68.051])
  [NOTE] Re-running docking procedure with the corrected specific center.
  [+] Extraction completed in 0.00s

[2/4] LIGAND PREPARATION AND CONVERSION
  [+] Crystal ligand PDB successfully written to: crystal_ligand.pdb
  [+] Ligand successfully converted to crystal_ligand.pdbqt via RDKit + Meeko.
  [+] Preparation completed in 0.81s

[3/4] AUTODOCK VINA REDOCKING
  [-] Re-docking ligand 'CP6' into chain 'B'...
  [-] Grid Center: [3.689, 39.992, -62.818] | Box Size: 20.0Å | Exhaustiveness: 32
  [+] Docking completed in 7.60s
  [+] Best Pose Binding Affinity: -7.899 kcal/mol

[4/4] VALIDATION RESULT
--------------------------------------------------------------------------------
  [-] Crystal Reference Centroid : [  3.689  39.992 -62.818]
  [-] Docked Output Centroid     : [  3.9    40.034 -62.724]
  [>] Calculated Centroid Distance: 0.235 Å
--------------------------------------------------------------------------------
  [SUCCESS] ✓ PROTOCOL VALIDATED

  [DRAFT] SUGGESTED METHODS SENTENCE FOR MANUSCRIPT:
  "Docking protocol validation was performed by re-docking
  pyrimethamine (CP6, PDB: 6AOG, chain B)
  into the TgDHFR active site. The top-ranked pose reproduced
  the crystallographic binding mode with a centroid distance
  of 0.24 Å (threshold: 2.0 Å)."

  [IMPORTANT WARNING]: The corrected active site center
  for the DHFR site (chain B) is [3.689, 39.992, -62.818].
  Ensure you update this in your 3DOCKING.py script before the final screening run.

  [+] LaTeX variable definitions saved to: /home/andrey/Projects/__GITHUB__aavzpy2023/analysispaperKarimova2025/latex/redocking_variables.tex
================================================================================
[DONE] Redocking Validation Pipeline completed in 8.43s.
       Logs saved in: /home/andrey/Projects/__GITHUB__aavzpy2023/analysispaperKarimova2025/logs/06_redocking_validation.log
================================================================================

mode |   affinity | dist from best mode
     | (kcal/mol) | rmsd l.b.| rmsd u.b.
-----+------------+----------+----------
   1       -7.899          0          0

=== END LOG: 06_redocking_validation.py [EXIT CODE: 0] ===

Computing Vina grid ... done.
WARNING: At low exhaustiveness, it may be impossible to utilize all CPUs.
Performing docking (random seed: -222460783) ... 
0%   10   20   30   40   50   60   70   80   90   100%
|----|----|----|----|----|----|----|----|----|----|
***************************************************

mode |   affinity | dist from best mode
     | (kcal/mol) | rmsd l.b.| rmsd u.b.
-----+------------+----------+----------
   1       -8.722          0          0
   2       -8.446      3.827      7.855
   3       -8.435      3.976      7.888
WARNING: At low exhaustiveness, it may be impossible to utilize all CPUs.
Performing docking (random seed: -222460783) ... 
0%   10   20   30   40   50   60   70   80   90   100%
|----|----|----|----|----|----|----|----|----|----|
***************************************************

mode |   affinity | dist from best mode
     | (kcal/mol) | rmsd l.b.| rmsd u.b.
-----+------------+----------+----------
   1       -8.477          0          0
   2       -8.449     0.2912       2.47
   3       -8.123      2.563      4.776
WARNING: At low exhaustiveness, it may be impossible to utilize all CPUs.
Performing docking (random seed: -222460783) ... 
0%   10   20   30   40   50   60   70   80   90   100%
|----|----|----|----|----|----|----|----|----|----|
***************************************************

mode |   affinity | dist from best mode
     | (kcal/mol) | rmsd l.b.| rmsd u.b.
-----+------------+----------+----------
   1       -8.477          0          0
   2       -8.449     0.2912       2.47
   3       -8.123      2.563      4.776
WARNING: At low exhaustiveness, it may be impossible to utilize all CPUs.
Performing docking (random seed: -222460783) ... 
0%   10   20   30   40   50   60   70   80   90   100%
|----|----|----|----|----|----|----|----|----|----|
***************************************************

mode |   affinity | dist from best mode
     | (kcal/mol) | rmsd l.b.| rmsd u.b.
-----+------------+----------+----------
   1       -9.543          0          0
   2       -9.452      4.168       8.27
   3       -9.097      3.708      7.965
WARNING: At low exhaustiveness, it may be impossible to utilize all CPUs.
Performing docking (random seed: -222460783) ... 
0%   10   20   30   40   50   60   70   80   90   100%
|----|----|----|----|----|----|----|----|----|----|
***************************************************

mode |   affinity | dist from best mode
     | (kcal/mol) | rmsd l.b.| rmsd u.b.
-----+------------+----------+----------
   1       -8.775          0          0
   2       -8.697      3.621      8.707
   3       -8.627      2.564      3.414
WARNING: At low exhaustiveness, it may be impossible to utilize all CPUs.
Performing docking (random seed: -222460783) ... 
0%   10   20   30   40   50   60   70   80   90   100%
|----|----|----|----|----|----|----|----|----|----|
***************************************************

mode |   affinity | dist from best mode
     | (kcal/mol) | rmsd l.b.| rmsd u.b.
-----+------------+----------+----------
   1       -9.338          0          0
   2       -9.187      3.013      8.878
   3       -9.074      2.123      5.781
WARNING: At low exhaustiveness, it may be impossible to utilize all CPUs.
Performing docking (random seed: -222460783) ... 
0%   10   20   30   40   50   60   70   80   90   100%
|----|----|----|----|----|----|----|----|----|----|
***************************************************

mode |   affinity | dist from best mode
     | (kcal/mol) | rmsd l.b.| rmsd u.b.
-----+------------+----------+----------
   1       -6.648          0          0
   2       -6.584       4.23      6.931
   3        -6.56      2.306       3.64
WARNING: At low exhaustiveness, it may be impossible to utilize all CPUs.
Performing docking (random seed: -222460783) ... 
0%   10   20   30   40   50   60   70   80   90   100%
|----|----|----|----|----|----|----|----|----|----|
***************************************************

mode |   affinity | dist from best mode
     | (kcal/mol) | rmsd l.b.| rmsd u.b.
-----+------------+----------+----------
   1       -7.261          0          0
   2       -7.196      1.234      7.381
   3       -7.075      1.436       7.76
WARNING: At low exhaustiveness, it may be impossible to utilize all CPUs.
Performing docking (random seed: -222460783) ... 
0%   10   20   30   40   50   60   70   80   90   100%
|----|----|----|----|----|----|----|----|----|----|
***************************************************

mode |   affinity | dist from best mode
     | (kcal/mol) | rmsd l.b.| rmsd u.b.
-----+------------+----------+----------
   1        -8.61          0          0
   2       -8.522      2.729      7.339
   3       -8.491       3.07      4.743
WARNING: At low exhaustiveness, it may be impossible to utilize all CPUs.
Performing docking (random seed: -222460783) ... 
0%   10   20   30   40   50   60   70   80   90   100%
|----|----|----|----|----|----|----|----|----|----|
***************************************************

mode |   affinity | dist from best mode
     | (kcal/mol) | rmsd l.b.| rmsd u.b.
-----+------------+----------+----------
   1       -8.999          0          0
   2       -8.589      1.994       2.92
   3       -8.138      4.186      6.933
WARNING: At low exhaustiveness, it may be impossible to utilize all CPUs.
Performing docking (random seed: -222460783) ... 
0%   10   20   30   40   50   60   70   80   90   100%
|----|----|----|----|----|----|----|----|----|----|
***************************************************

mode |   affinity | dist from best mode
     | (kcal/mol) | rmsd l.b.| rmsd u.b.
-----+------------+----------+----------
   1       -8.027          0          0
   2       -7.885       1.52       3.03
   3       -7.611      2.121      2.414
WARNING: At low exhaustiveness, it may be impossible to utilize all CPUs.
Performing docking (random seed: -222460783) ... 
0%   10   20   30   40   50   60   70   80   90   100%
|----|----|----|----|----|----|----|----|----|----|
***************************************************

mode |   affinity | dist from best mode
     | (kcal/mol) | rmsd l.b.| rmsd u.b.
-----+------------+----------+----------
   1       -7.359          0          0
   2       -7.062      1.774      2.192
   3       -6.943       3.99      6.265
WARNING: At low exhaustiveness, it may be impossible to utilize all CPUs.
Performing docking (random seed: -222460783) ... 
0%   10   20   30   40   50   60   70   80   90   100%
|----|----|----|----|----|----|----|----|----|----|
***************************************************

mode |   affinity | dist from best mode
     | (kcal/mol) | rmsd l.b.| rmsd u.b.
-----+------------+----------+----------
   1        -7.27          0          0
   2       -7.256     0.2171       2.81
   3       -6.844      3.756      5.482
WARNING: At low exhaustiveness, it may be impossible to utilize all CPUs.
Performing docking (random seed: -222460783) ... 
0%   10   20   30   40   50   60   70   80   90   100%
|----|----|----|----|----|----|----|----|----|----|
***************************************************

mode |   affinity | dist from best mode
     | (kcal/mol) | rmsd l.b.| rmsd u.b.
-----+------------+----------+----------
   1       -7.942          0          0
   2       -7.599      2.123      5.231
   3       -7.353      3.021      6.821
WARNING: At low exhaustiveness, it may be impossible to utilize all CPUs.
Performing docking (random seed: -222460783) ... 
0%   10   20   30   40   50   60   70   80   90   100%
|----|----|----|----|----|----|----|----|----|----|
***************************************************

mode |   affinity | dist from best mode
     | (kcal/mol) | rmsd l.b.| rmsd u.b.
-----+------------+----------+----------
   1        -7.27          0          0
   2       -7.256     0.2171       2.81
   3       -6.844      3.756      5.482
WARNING: At low exhaustiveness, it may be impossible to utilize all CPUs.
Performing docking (random seed: -222460783) ... 
0%   10   20   30   40   50   60   70   80   90   100%
|----|----|----|----|----|----|----|----|----|----|
***************************************************

mode |   affinity | dist from best mode
     | (kcal/mol) | rmsd l.b.| rmsd u.b.
-----+------------+----------+----------
   1        -7.27          0          0
   2       -7.256     0.2171       2.81
   3       -6.844      3.756      5.482
WARNING: At low exhaustiveness, it may be impossible to utilize all CPUs.
Performing docking (random seed: -222460783) ... 
0%   10   20   30   40   50   60   70   80   90   100%
|----|----|----|----|----|----|----|----|----|----|
***************************************************

mode |   affinity | dist from best mode
     | (kcal/mol) | rmsd l.b.| rmsd u.b.
-----+------------+----------+----------
   1        -7.27          0          0
   2       -7.256     0.2171       2.81
   3       -6.844      3.756      5.482
WARNING: At low exhaustiveness, it may be impossible to utilize all CPUs.
Performing docking (random seed: -222460783) ... 
0%   10   20   30   40   50   60   70   80   90   100%
|----|----|----|----|----|----|----|----|----|----|
***************************************************

mode |   affinity | dist from best mode
     | (kcal/mol) | rmsd l.b.| rmsd u.b.
-----+------------+----------+----------
   1       -7.587          0          0
   2       -7.473      2.791      4.945
   3       -7.277      2.694      4.198
WARNING: At low exhaustiveness, it may be impossible to utilize all CPUs.
Performing docking (random seed: -222460783) ... 
0%   10   20   30   40   50   60   70   80   90   100%
|----|----|----|----|----|----|----|----|----|----|
***************************************************
==========================================================================================
07_molecular_docking.py — Fully Agnostic Docking Pipeline
Receptor: /home/andrey/Projects/__GITHUB__aavzpy2023/analysispaperKarimova2025/receptor/receptor.pdbqt
Active site center: [3.689, 39.992, -62.818]
Box: 20.0A | Exhaustiveness: 32
Log file: /home/andrey/Projects/__GITHUB__aavzpy2023/analysispaperKarimova2025/logs/07_molecular_docking.log
==========================================================================================

[INFO] 19 candidates selected for docking

Compound                  |     LE | Dock (kcal/mol) | Time (s)
-----------------------------------------------------------------
Methotrexate              | -0.264 |           -8.72 |    34.78s
CID 336805                | -0.314 |           -8.48 |    13.41s
Trimetrexate Glucuronate  | -0.314 |           -8.48 |    12.71s
Pralatrexate              | -0.273 |           -9.54 |    41.38s
Folic Acid                | -0.274 |           -8.78 |    28.96s
Neratinib Maleate         | -0.233 |           -9.34 |    50.71s
Bendamustine Hydrochlori  | -0.289 |           -6.65 |    11.81s
Methylene Blue            | -0.363 |           -7.26 |     2.95s
Fentanyl Citrate          | -0.344 |           -8.61 |     9.36s
Trifarotene               | -0.265 |           -9.00 |    29.99s
Triamterene               | -0.422 |           -8.03 |     4.50s
Pyrimethamine             | -0.433 |           -7.36 |     4.02s
Sulfamethoxazole; Trimet  | -0.346 |           -7.27 |     7.92s
Finerenone                | -0.284 |           -7.94 |     9.66s
Trimethoprim              | -0.346 |           -7.27 |     7.91s
Trimethoprim Hydrochlori  | -0.346 |           -7.27 |     7.97s
Trimethoprim sulfate      | -0.346 |           -7.27 |     8.07s
Etodolac                  | -0.361 |           -7.59 |     5.39s
Bisacodyl                 | -0.326 |           -8.80 |    11.57s

====================================================================================================
FINAL RESULTS ENRICHED — ML Prediction vs. Physics (AutoDock Vina)
====================================================================================================
Compound                  |  ML pIC50 |     Vina |      LE | Agreement
--------------------------------------------------------------------------------
Pralatrexate              |    7.1677 |    -9.54 |  -0.273 | VALIDATED (+)
Neratinib Maleate         |    6.9965 |    -9.34 |  -0.233 | VALIDATED (+)
Trifarotene               |    6.8399 |    -9.00 |  -0.265 | VALIDATED (+)
Bisacodyl                 |    5.3335 |    -8.80 |  -0.326 | ML FALSE NEGATIVE
Folic Acid                |    7.1157 |    -8.78 |  -0.274 | VALIDATED (+)
Methotrexate              |    7.5544 |    -8.72 |  -0.264 | VALIDATED (+)
Fentanyl Citrate          |    6.8628 |    -8.61 |  -0.344 | VALIDATED (+)
CID 336805                |    7.3423 |    -8.48 |  -0.314 | VALIDATED (+)
Trimetrexate Glucuronate  |    7.3423 |    -8.48 |  -0.314 | VALIDATED (+)
Triamterene               |    6.6255 |    -8.03 |  -0.422 | VALIDATED (+)
Finerenone                |    5.8204 |    -7.94 |  -0.284 | Neutral
Etodolac                  |    5.4770 |    -7.59 |  -0.361 | Neutral
Pyrimethamine             |    6.3226 |    -7.36 |  -0.433 | Neutral
Sulfamethoxazole; Trimet  |    6.0387 |    -7.27 |  -0.346 | Neutral
Trimethoprim              |    5.6431 |    -7.27 |  -0.346 | VALIDATED (-)
Trimethoprim Hydrochlori  |    5.6431 |    -7.27 |  -0.346 | VALIDATED (-)
Trimethoprim sulfate      |    5.5997 |    -7.27 |  -0.346 | VALIDATED (-)
Methylene Blue            |    6.9144 |    -7.26 |  -0.363 | ML FALSE POSITIVE
Bendamustine Hydrochlori  |    6.9342 |    -6.65 |  -0.289 | ML FALSE POSITIVE

[EXPORT] Enriched dataset saved to /home/andrey/Projects/__GITHUB__aavzpy2023/analysispaperKarimova2025/results/Final_Validation_Hybrid.csv

[LATEX] Attempting to write file to: /home/andrey/Projects/__GITHUB__aavzpy2023/analysispaperKarimova2025/latex/docking_variables.tex
[LATEX] SUCCESS! Variables exported to /home/andrey/Projects/__GITHUB__aavzpy2023/analysispaperKarimova2025/latex/docking_variables.tex
[DONE] 07_molecular_docking.py complete.

mode |   affinity | dist from best mode
     | (kcal/mol) | rmsd l.b.| rmsd u.b.
-----+------------+----------+----------
   1       -8.797          0          0
   2       -8.036      2.925      7.538
   3       -5.431      1.403      6.816

=== END LOG: 07_molecular_docking.py [EXIT CODE: 0] ===

==========================================================================================
08_admet_profiling.py — ADMET Profiling & Toxicity Risk Assessment
Log file: /home/andrey/Projects/__GITHUB__aavzpy2023/analysispaperKarimova2025/logs/08_admet_profiling.log
==========================================================================================
[1] Total initial candidates from docking: 19
[1] Evaluating Lipinski rule of five on 48 cores...
Found local copy...
Loading...
Done!
Found local copy...
Loading...
Done!
[1] Candidates passing Lipinski: 12

[2] Training hERG Cardiotoxicity Classifier (TDC Dataset: 655 samples)...

[3] Training Caco-2 Permeability Regressor (TDC Dataset: 910 samples)...

[EXPORT] Full analytical dataset (for plotting) saved to /home/andrey/Projects/__GITHUB__aavzpy2023/analysispaperKarimova2025/results/ADMET_CANDIDATES_For_Docking_FULL_PRE_FILTER.csv

[4] Flagged by hERG toxicity: 6 compounds

=========================================================================================================
ADMET PROFILING RESULTS SUMMARY
=========================================================================================================
Pralatrexate                 | hERG Prob: 0.312 | Caco-2:  -5.41 | Profile: Parenteral Candidate (Low Caco-2)
Methotrexate                 | hERG Prob: 0.400 | Caco-2:  -5.87 | Profile: Parenteral Candidate (Low Caco-2)
Pyrimethamine                | hERG Prob: 0.125 | Caco-2:  -4.42 | Profile: ADMET-Compliant (Oral)
Trimethoprim                 | hERG Prob: 0.140 | Caco-2:  -4.77 | Profile: ADMET-Compliant (Oral)
Trimethoprim Hydrochloride   | hERG Prob: 0.140 | Caco-2:  -4.77 | Profile: ADMET-Compliant (Oral)
Methylene Blue               | hERG Prob: 0.460 | Caco-2:  -4.61 | Profile: ADMET-Compliant (Oral)

[EXPORT] Safe candidates (6) saved to /home/andrey/Projects/__GITHUB__aavzpy2023/analysispaperKarimova2025/results/ADMET_CANDIDATES_For_Docking.csv
[TIME] Total execution: 0m 2s
[DONE] 08_admet_profiling.py complete.

=== END LOG: 08_admet_profiling.py [EXIT CODE: 0] ===

=========================================================================================================
09_gnn_baseline.py — Graph Neural Network (GNN) Benchmarking
Log file: /home/andrey/Projects/__GITHUB__aavzpy2023/analysispaperKarimova2025/logs/09_gnn_baseline.log
=========================================================================================================
[1] Loading dataset from /home/andrey/Projects/__GITHUB__aavzpy2023/analysispaperKarimova2025/data/V2-df_ic50_chmbl_CID_myFill.csv...
[1] Dataset loaded successfully: 756 compounds.

[2] Evaluating ChemProp (D-MPNN 5x5 CV)...

  [ChemProp] Starting 5x5 CV (N=756 compounds)...
  --> [2026-09-19 10:29:56] Training Fold 1/25...
GPU available: False, used: False
TPU available: False, using: 0 TPU cores
Loading `train_dataloader` to estimate number of stepping batches.
`Trainer.fit` stopped: `max_epochs=100` reached.
  --> [2026-09-19 10:32:15] Fold 1/25 OK | R2=0.6944 | MAE=0.5539 | 139.1s
  --> [2026-09-19 10:32:15] Training Fold 2/25...
GPU available: False, used: False
TPU available: False, using: 0 TPU cores
Loading `train_dataloader` to estimate number of stepping batches.
`Trainer.fit` stopped: `max_epochs=100` reached.
  --> [2026-09-19 10:35:13] Fold 2/25 OK | R2=0.5953 | MAE=0.5644 | 178.4s
  --> [2026-09-19 10:35:13] Training Fold 3/25...
GPU available: False, used: False
TPU available: False, using: 0 TPU cores
Loading `train_dataloader` to estimate number of stepping batches.
`Trainer.fit` stopped: `max_epochs=100` reached.
  --> [2026-09-19 10:38:08] Fold 3/25 OK | R2=0.7099 | MAE=0.5516 | 174.5s
  --> [2026-09-19 10:38:08] Training Fold 4/25...
GPU available: False, used: False
TPU available: False, using: 0 TPU cores
Loading `train_dataloader` to estimate number of stepping batches.
`Trainer.fit` stopped: `max_epochs=100` reached.
  --> [2026-09-19 10:40:58] Fold 4/25 OK | R2=0.7305 | MAE=0.5035 | 170.4s
  --> [2026-09-19 10:40:58] Training Fold 5/25...
GPU available: False, used: False
TPU available: False, using: 0 TPU cores
Loading `train_dataloader` to estimate number of stepping batches.
`Trainer.fit` stopped: `max_epochs=100` reached.
  --> [2026-09-19 10:43:47] Fold 5/25 OK | R2=0.6683 | MAE=0.4719 | 169.0s
  --> [2026-09-19 10:43:47] Training Fold 6/25...
GPU available: False, used: False
TPU available: False, using: 0 TPU cores
Loading `train_dataloader` to estimate number of stepping batches.
`Trainer.fit` stopped: `max_epochs=100` reached.
  --> [2026-09-19 10:46:39] Fold 6/25 OK | R2=0.7348 | MAE=0.5272 | 172.0s
  --> [2026-09-19 10:46:39] Training Fold 7/25...
GPU available: False, used: False
TPU available: False, using: 0 TPU cores
Loading `train_dataloader` to estimate number of stepping batches.
`Trainer.fit` stopped: `max_epochs=100` reached.
  --> [2026-09-19 10:49:31] Fold 7/25 OK | R2=0.7176 | MAE=0.5122 | 172.0s
  --> [2026-09-19 10:49:31] Training Fold 8/25...
GPU available: False, used: False
TPU available: False, using: 0 TPU cores
Loading `train_dataloader` to estimate number of stepping batches.
`Trainer.fit` stopped: `max_epochs=100` reached.
  --> [2026-09-19 10:52:25] Fold 8/25 OK | R2=0.6860 | MAE=0.5405 | 173.9s
  --> [2026-09-19 10:52:25] Training Fold 9/25...
GPU available: False, used: False
TPU available: False, using: 0 TPU cores
Loading `train_dataloader` to estimate number of stepping batches.
`Trainer.fit` stopped: `max_epochs=100` reached.
  --> [2026-09-19 10:55:16] Fold 9/25 OK | R2=0.7327 | MAE=0.4891 | 170.5s
  --> [2026-09-19 10:55:16] Training Fold 10/25...
GPU available: False, used: False
TPU available: False, using: 0 TPU cores
Loading `train_dataloader` to estimate number of stepping batches.
`Trainer.fit` stopped: `max_epochs=100` reached.
  --> [2026-09-19 10:58:05] Fold 10/25 OK | R2=0.6341 | MAE=0.5319 | 169.6s
  --> [2026-09-19 10:58:05] Training Fold 11/25...
GPU available: False, used: False
TPU available: False, using: 0 TPU cores
Loading `train_dataloader` to estimate number of stepping batches.
`Trainer.fit` stopped: `max_epochs=100` reached.
  --> [2026-09-19 11:00:56] Fold 11/25 OK | R2=0.6943 | MAE=0.5460 | 171.1s
  --> [2026-09-19 11:00:56] Training Fold 12/25...
GPU available: False, used: False
TPU available: False, using: 0 TPU cores
Loading `train_dataloader` to estimate number of stepping batches.
`Trainer.fit` stopped: `max_epochs=100` reached.
  --> [2026-09-19 11:03:46] Fold 12/25 OK | R2=0.7590 | MAE=0.4942 | 170.0s
  --> [2026-09-19 11:03:46] Training Fold 13/25...
GPU available: False, used: False
TPU available: False, using: 0 TPU cores
Loading `train_dataloader` to estimate number of stepping batches.
`Trainer.fit` stopped: `max_epochs=100` reached.
  --> [2026-09-19 11:06:40] Fold 13/25 OK | R2=0.6197 | MAE=0.5369 | 173.6s
  --> [2026-09-19 11:06:40] Training Fold 14/25...
GPU available: False, used: False
TPU available: False, using: 0 TPU cores
Loading `train_dataloader` to estimate number of stepping batches.
`Trainer.fit` stopped: `max_epochs=100` reached.
  --> [2026-09-19 11:09:30] Fold 14/25 OK | R2=0.6851 | MAE=0.5128 | 169.7s
  --> [2026-09-19 11:09:30] Training Fold 15/25...
GPU available: False, used: False
TPU available: False, using: 0 TPU cores
Loading `train_dataloader` to estimate number of stepping batches.
`Trainer.fit` stopped: `max_epochs=100` reached.
  --> [2026-09-19 11:12:22] Fold 15/25 OK | R2=0.6672 | MAE=0.5569 | 172.5s
  --> [2026-09-19 11:12:22] Training Fold 16/25...
GPU available: False, used: False
TPU available: False, using: 0 TPU cores
Loading `train_dataloader` to estimate number of stepping batches.
`Trainer.fit` stopped: `max_epochs=100` reached.
  --> [2026-09-19 11:15:12] Fold 16/25 OK | R2=0.6475 | MAE=0.5437 | 169.7s
  --> [2026-09-19 11:15:12] Training Fold 17/25...
GPU available: False, used: False
TPU available: False, using: 0 TPU cores
Loading `train_dataloader` to estimate number of stepping batches.
`Trainer.fit` stopped: `max_epochs=100` reached.
  --> [2026-09-19 11:18:06] Fold 17/25 OK | R2=0.7659 | MAE=0.4743 | 174.1s
  --> [2026-09-19 11:18:06] Training Fold 18/25...
GPU available: False, used: False
TPU available: False, using: 0 TPU cores
Loading `train_dataloader` to estimate number of stepping batches.
`Trainer.fit` stopped: `max_epochs=100` reached.
  --> [2026-09-19 11:20:56] Fold 18/25 OK | R2=0.7290 | MAE=0.4570 | 170.1s
  --> [2026-09-19 11:20:56] Training Fold 19/25...
GPU available: False, used: False
TPU available: False, using: 0 TPU cores
Loading `train_dataloader` to estimate number of stepping batches.
`Trainer.fit` stopped: `max_epochs=100` reached.
  --> [2026-09-19 11:23:50] Fold 19/25 OK | R2=0.6939 | MAE=0.5468 | 173.6s
  --> [2026-09-19 11:23:50] Training Fold 20/25...
GPU available: False, used: False
TPU available: False, using: 0 TPU cores
Loading `train_dataloader` to estimate number of stepping batches.
`Trainer.fit` stopped: `max_epochs=100` reached.
  --> [2026-09-19 11:26:46] Fold 20/25 OK | R2=0.6373 | MAE=0.5621 | 176.6s
  --> [2026-09-19 11:26:46] Training Fold 21/25...
GPU available: False, used: False
TPU available: False, using: 0 TPU cores
Loading `train_dataloader` to estimate number of stepping batches.
`Trainer.fit` stopped: `max_epochs=100` reached.
  --> [2026-09-19 11:29:42] Fold 21/25 OK | R2=0.5711 | MAE=0.6091 | 175.7s
  --> [2026-09-19 11:29:42] Training Fold 22/25...
GPU available: False, used: False
TPU available: False, using: 0 TPU cores
Loading `train_dataloader` to estimate number of stepping batches.
`Trainer.fit` stopped: `max_epochs=100` reached.
  --> [2026-09-19 11:32:41] Fold 22/25 OK | R2=0.7200 | MAE=0.4978 | 178.8s
  --> [2026-09-19 11:32:41] Training Fold 23/25...
GPU available: False, used: False
TPU available: False, using: 0 TPU cores
Loading `train_dataloader` to estimate number of stepping batches.
`Trainer.fit` stopped: `max_epochs=100` reached.
  --> [2026-09-19 11:35:45] Fold 23/25 OK | R2=0.6347 | MAE=0.5681 | 184.2s
  --> [2026-09-19 11:35:45] Training Fold 24/25...
GPU available: False, used: False
TPU available: False, using: 0 TPU cores
Loading `train_dataloader` to estimate number of stepping batches.
`Trainer.fit` stopped: `max_epochs=100` reached.
  --> [2026-09-19 11:38:48] Fold 24/25 OK | R2=0.7549 | MAE=0.5147 | 183.2s
  --> [2026-09-19 11:38:48] Training Fold 25/25...
GPU available: False, used: False
TPU available: False, using: 0 TPU cores
Loading `train_dataloader` to estimate number of stepping batches.
`Trainer.fit` stopped: `max_epochs=100` reached.
  --> [2026-09-19 11:41:48] Fold 25/25 OK | R2=0.7478 | MAE=0.5091 | 179.7s

  [ChemProp] 5x5 CV Completed.
  [ChemProp Result] R2=0.6892 ± 0.0518 | MAE=0.5270 | 95% CI [0.6690, 0.7095]

[3] Evaluating AttentiveFP (Single Split)...
  [AttentiveFP] Could not initialize DGL (Cannot find DGL C++ graphbolt library at /home/andrey/anaconda3/envs/fda_pipeline_env/lib/python3.11/site-packages/dgl/graphbolt/libgraphbolt_pytorch_2.5.1.so), skipping.

=========================================================================================================
GNN BENCHMARK SUMMARY
=========================================================================================================
ChemProp (D-MPNN Fold)              | R2: 0.6892 | MAE: 0.5270 | 95% CI: [0.6690, 0.7095]

[4] Exporting artifacts...
[EXPORT] LaTeX variables saved to /home/andrey/Projects/__GITHUB__aavzpy2023/analysispaperKarimova2025/latex/gnn_variables.tex
[EXPORT] Comparison plot saved to /home/andrey/Projects/__GITHUB__aavzpy2023/analysispaperKarimova2025/figures/gnn_comparison.png
[EXPORT] Summary CSV saved to /home/andrey/Projects/__GITHUB__aavzpy2023/analysispaperKarimova2025/results/gnn_results.csv
[TIME] Total execution: 71m 59s
[DONE] 09_gnn_baseline.py complete.

=== END LOG: 09_gnn_baseline.py [EXIT CODE: 0] ===

