[INFO] Active profile: workstation | N_JOBS=46 | Outer folds=5x5=25

####################################################################################################
# NESTED CV (5x5=25 Folds) — REPRESENTATION: morgan
####################################################################################################
[CHECKPOINT] 25/25 folds already completed for 'morgan', resuming...

####################################################################################################
# NESTED CV (5x5=25 Folds) — REPRESENTATION: rdkit2d
####################################################################################################
[CHECKPOINT] 25/25 folds already completed for 'rdkit2d', resuming...

####################################################################################################
# NESTED CV (5x5=25 Folds) — REPRESENTATION: rdkit2d_fp
####################################################################################################
[CHECKPOINT] 25/25 folds already completed for 'rdkit2d_fp', resuming...

####################################################################################################
# NESTED CV (5x5=25 Folds) — REPRESENTATION: rdkit2d3d_fp
####################################################################################################
    [INFO] Generating 3D conformers (ETKDGv3 + MMFF)...
[CHECKPOINT] 25/25 folds already completed for 'rdkit2d3d_fp', resuming...

====================================================================================================
RESULTS SUMMARY (Nested CV 5x5)
====================================================================================================

Table 1. R² by molecular representation:
        Mode     mean      std  count
      morgan 0.741654 0.049266     25
rdkit2d3d_fp 0.737067 0.061008     25
  rdkit2d_fp 0.730647 0.060876     25
     rdkit2d 0.679572 0.065837     25

Table 2. t-tests (Nadeau-Bengio Corrected) vs Original Publication:
        Mode Paper_reference_label  Paper_R2  Our_R2_mean  Our_R2_std    t_stat  p_value  Significant_p<0.05
      morgan         PaperBaseline      0.75     0.741654    0.048271 -0.314564 0.755811               False
      morgan         PaperSelected      0.82     0.741654    0.048271 -2.953028 0.006937                True
      morgan            PaperFinal      0.85     0.741654    0.048271 -4.083798 0.000426                True
     rdkit2d         PaperBaseline      0.75     0.679572    0.064507 -1.986426 0.058519               False
     rdkit2d         PaperSelected      0.82     0.679572    0.064507 -3.960789 0.000582                True
     rdkit2d            PaperFinal      0.85     0.679572    0.064507 -4.806945 0.000068                True
  rdkit2d_fp         PaperBaseline      0.75     0.730647    0.059646 -0.590337 0.560483               False
  rdkit2d_fp         PaperSelected      0.82     0.730647    0.059646 -2.725601 0.011793                True
  rdkit2d_fp            PaperFinal      0.85     0.730647    0.059646 -3.640714 0.001299                True
rdkit2d3d_fp         PaperBaseline      0.75     0.737067    0.059776 -0.393654 0.697312               False
rdkit2d3d_fp         PaperSelected      0.82     0.737067    0.059776 -2.524294 0.018618                True
rdkit2d3d_fp            PaperFinal      0.85     0.737067    0.059776 -3.437425 0.002150                True

Paired comparison (Nadeau-Bengio) between morgan and rdkit2d3d_fp:
  t = 0.308, p = 0.7605

[SUPPLEMENTARY CSV] Selection frequency exported to: /home/andrey/Projects/__GITHUB__aavzpy2023/analysispaperKarimova2025/results/architecture_selection_frequency.csv
[LATEX] Variables successfully exported to: /home/andrey/Projects/__GITHUB__aavzpy2023/analysispaperKarimova2025/latex/paper_variables.tex

=== END LOG: 01_nested_cv_stacking.py [EXIT CODE: 0] ===

All figures has been generated. Check the figures folder (./figures)...

=== END LOG: 01.1_build_figures.py [EXIT CODE: 0] ===


=== END LOG: 02_statistical_tests.py [EXIT CODE: 0] ===


=== END LOG: 03_y_randomization.py [EXIT CODE: None] ===

